<html>
<body>
<pre>
<h1>µVision Build Log</h1>
<h2>Tool Versions:</h2>
IDE-Version: µVision V5.24.2.0
Copyright (C) 2017 ARM Ltd and ARM Germany GmbH. All rights reserved.
License Information: M K, Student, LIC=----
 
Tool Versions:
Toolchain:       MDK-Lite  Version: 5.24.1
Toolchain Path:  D:\Keil_v5\ARM\ARMCC\Bin
C Compiler:      Armcc.exe V5.06 update 5 (build 528)
Assembler:       Armasm.exe V5.06 update 5 (build 528)
Linker/Locator:  ArmLink.exe V5.06 update 5 (build 528)
Library Manager: ArmAr.exe V5.06 update 5 (build 528)
Hex Converter:   FromElf.exe V5.06 update 5 (build 528)
CPU DLL:         SARMCM3.DLL V5.24.1
Dialog DLL:      DARMP1.DLL V1.27.0.0
Target DLL:      Segger\JL2CM3.dll V2.99.26.0
Dialog DLL:      TARMP1.DLL V1.26.0.0
 
<h2>Project:</h2>
D:\Document\Cours\MICRO-Project\Proj2\Projet_Simon2018INFO\Project\Project.uvproj
Project File Date:  04/03/2018

<h2>Output:</h2>
*** Using Compiler 'V5.06 update 5 (build 528)', folder: 'D:\Keil_v5\ARM\ARMCC\Bin'
*** Note: Rebuilding project, since 'Options->Output->Create Batch File' is selected.
Rebuild target 'Open1786'
assembling startup_LPC17xx.s...
compiling system_LPC17xx.c...
compiling core_cm3.c...
compiling lpc17xx_clkpwr.c...
compiling lpc17xx_gpio.c...
compiling lpc17xx_pinsel.c...
compiling lpc17xx_timer.c...
..\Libraries\LCP1768_StdPeriph_Driver\source\lpc17xx_timer.c(115): warning:  #68-D: integer conversion resulted in a change of sign
        uint32_t tnum = -1;
..\Libraries\LCP1768_StdPeriph_Driver\source\lpc17xx_timer.c: 1 warning, 0 errors
compiling lpc17xx_exti.c...
compiling lpc17xx_nvic.c...
compiling lpc17xx_ssp.c...
compiling lpc17xx_i2c.c...
..\Libraries\LCP1768_StdPeriph_Driver\source\lpc17xx_i2c.c(598): warning:  #188-D: enumerated type mixed with another type
                                I2C_IntCmd(I2Cx, 0);
..\Libraries\LCP1768_StdPeriph_Driver\source\lpc17xx_i2c.c(695): warning:  #188-D: enumerated type mixed with another type
                I2C_IntCmd(I2Cx, 0);
..\Libraries\LCP1768_StdPeriph_Driver\source\lpc17xx_i2c.c(702): warning:  #188-D: enumerated type mixed with another type
                                I2C_IntCmd(I2Cx, 1);
..\Libraries\LCP1768_StdPeriph_Driver\source\lpc17xx_i2c.c(750): warning:  #188-D: enumerated type mixed with another type
                I2C_IntCmd(I2Cx, 0);
..\Libraries\LCP1768_StdPeriph_Driver\source\lpc17xx_i2c.c(902): warning:  #188-D: enumerated type mixed with another type
                                        CodeStatus = I2C_GetByte(I2Cx, &tmp, 1);
..\Libraries\LCP1768_StdPeriph_Driver\source\lpc17xx_i2c.c(915): warning:  #188-D: enumerated type mixed with another type
                                        CodeStatus = I2C_GetByte(I2Cx, &tmp, 0);
..\Libraries\LCP1768_StdPeriph_Driver\source\lpc17xx_i2c.c(952): warning:  #188-D: enumerated type mixed with another type
                I2C_IntCmd(I2Cx, 1);
..\Libraries\LCP1768_StdPeriph_Driver\source\lpc17xx_i2c.c(1162): warning:  #188-D: enumerated type mixed with another type
                I2C_IntCmd(I2Cx, 1);
..\Libraries\LCP1768_StdPeriph_Driver\source\lpc17xx_i2c.c(1186): warning:  #186-D: pointless comparison of unsigned integer with zero
        
HECK_PARAM(PARAM_I2C_SLAVEADDR_CH(OwnSlaveAddrConfigStruct->SlaveAddrChannel));
..\Libraries\LCP1768_StdPeriph_Driver\source\lpc17xx_i2c.c: 9 warnings, 0 errors
compiling main.c...
..\User\affichagelcd.h(9): warning:  #1-D: last line of file ends without a newline
   
..\User\timer0.h(4): warning:  #1295-D: Deprecated declaration T0_Init - give arg types
  void T0_Init();
..\User\timer0.h(5): warning:  #1295-D: Deprecated declaration playNote - give arg types
  void playNote();
..\User\timer1.h(8): warning:  #1295-D: Deprecated declaration T1_Init - give arg types
  void T1_Init();
..\User\main.c(56): warning:  #188-D: enumerated type mixed with another type
                                sequence[i] = tmp[i + 1]; // on écrase le tableau séquence avec la séquence correspondant à l'highscore
..\User\main.c(243): warning:  #550-D: variable "n"  was set but never used
                int n;
..\User\main.c(255): warning:  #550-D: variable "n"  was set but never used
        int n;
..\User\main.c(256): warning:  #550-D: variable "m"  was set but never used
        int m;
..\User\main.c(282): warning:  #550-D: variable "n"  was set but never used
        int n;
..\User\main.c(283): warning:  #550-D: variable "m"  was set but never used
        int m;
..\User\main.c(309): warning:  #550-D: variable "n"  was set but never used
                int n;
..\User\main.c(331): warning:  #177-D: variable "touch_x_tmp"  was declared but never referenced
          uint16_t touch_x_tmp = 0;
..\User\main.c(332): warning:  #177-D: variable "touch_y_tmp"  was declared but never referenced
                uint16_t touch_y_tmp = 0;
..\User\main.c(333): warning:  #177-D: variable "coordonnees"  was declared but never referenced
          char coordonnees[20]; //tableau receuillant les coordonnées x et y du point touché sur l'écran tactile
..\User\main.c(334): warning:  #177-D: variable "k"  was declared but never referenced
                int k;
..\User\main.c: 15 warnings, 0 errors
compiling ili_lcd_general.c...
compiling lcd_api.c...
compiling english_16x8.c...
compiling affichagelcd.c...
compiling touch_panel.c...
..\User\touch\touch_panel.c(17): warning:  #177-D: variable "touch_data_tx"  was declared but never referenced
      uint8_t touch_data_tx[BUF_SIZE];
..\User\touch\touch_panel.c: 1 warning, 0 errors
compiling timer0.c...
..\User\timer0.h(4): warning:  #1295-D: Deprecated declaration T0_Init - give arg types
  void T0_Init();
..\User\timer0.h(5): warning:  #1295-D: Deprecated declaration playNote - give arg types
  void playNote();
..\User\timer0.c(92): warning:  #111-D: statement is unreachable
                                        break;
..\User\timer0.c: 3 warnings, 0 errors
compiling tactile.c...
..\User\tactile.c(5): warning:  #223-D: function "sprintf" declared implicitly
        n=sprintf(coordonnees, "%d; %d", touch_x, touch_y); //on récupère dans un tableau de caractères (chaîne de caractère) les coordonées x et y de l'endroit appuyé sur l'écran.
..\User\tactile.c(4): warning:  #550-D: variable "n"  was set but never used
        int n;
..\User\tactile.c: 2 warnings, 0 errors
compiling timer1.c...
..\User\timer1.h(8): warning:  #1295-D: Deprecated declaration T1_Init - give arg types
  void T1_Init();
..\User\timer1.c: 1 warning, 0 errors
compiling memoire.c...
linking...
Program Size: Code=19302 RO-data=1774 RW-data=60 ZI-data=1140  
FromELF: creating hex file...
".\Output\Project.axf" - 0 Error(s), 32 Warning(s).
Build Time Elapsed:  00:00:08
</pre>
</body>
</html>
