Component: ARM Compiler 5.06 update 5 (build 528) Tool: armlink [4d35e2]

==============================================================================

Section Cross References

    startup_lpc17xx.o(STACK) refers (Special) to heapauxi.o(.text) for __use_two_region_memory
    startup_lpc17xx.o(HEAP) refers (Special) to heapauxi.o(.text) for __use_two_region_memory
    startup_lpc17xx.o(RESET) refers (Special) to heapauxi.o(.text) for __use_two_region_memory
    startup_lpc17xx.o(RESET) refers to startup_lpc17xx.o(STACK) for __initial_sp
    startup_lpc17xx.o(RESET) refers to startup_lpc17xx.o(.text) for Reset_Handler
    startup_lpc17xx.o(RESET) refers to timer0.o(.text) for TIMER0_IRQHandler
    startup_lpc17xx.o(RESET) refers to timer1.o(.text) for TIMER1_IRQHandler
    startup_lpc17xx.o(.ARM.__at_0x02FC) refers (Special) to heapauxi.o(.text) for __use_two_region_memory
    startup_lpc17xx.o(.text) refers (Special) to heapauxi.o(.text) for __use_two_region_memory
    startup_lpc17xx.o(.text) refers to system_lpc17xx.o(.text) for SystemInit
    startup_lpc17xx.o(.text) refers to __main.o(!!!main) for __main
    startup_lpc17xx.o(.text) refers to startup_lpc17xx.o(HEAP) for Heap_Mem
    startup_lpc17xx.o(.text) refers to startup_lpc17xx.o(STACK) for Stack_Mem
    system_lpc17xx.o(.text) refers to system_lpc17xx.o(.data) for SystemCoreClock
    lpc17xx_clkpwr.o(.text) refers to system_lpc17xx.o(.data) for SystemCoreClock
    lpc17xx_timer.o(.text) refers to lpc17xx_clkpwr.o(.text) for CLKPWR_GetPCLK
    lpc17xx_timer.o(.text) refers to lludivv7m.o(.text) for __aeabi_uldivmod
    lpc17xx_timer.o(.text) refers to main.o(.text) for check_failed
    lpc17xx_ssp.o(.text) refers to main.o(.text) for check_failed
    lpc17xx_ssp.o(.text) refers to lpc17xx_clkpwr.o(.text) for CLKPWR_GetPCLK
    lpc17xx_i2c.o(.text) refers to main.o(.text) for check_failed
    lpc17xx_i2c.o(.text) refers to lpc17xx_clkpwr.o(.text) for CLKPWR_GetPCLK
    lpc17xx_i2c.o(.text) refers to lpc17xx_i2c.o(.bss) for i2cdat
    lpc17xx_i2c.o(.text) refers to lpc17xx_i2c.o(.data) for I2C_MonitorBufferIndex
    main.o(.text) refers to _printf_percent.o(.ARM.Collect$$_printf_percent$$00000000) for _printf_percent
    main.o(.text) refers to _printf_d.o(.ARM.Collect$$_printf_percent$$00000009) for _printf_d
    main.o(.text) refers to _printf_dec.o(.text) for _printf_int_dec
    main.o(.text) refers to memoire.o(.text) for i2c_eeprom_write
    main.o(.text) refers to assert.o(.text) for __aeabi_assert
    main.o(.text) refers to lpc17xx_pinsel.o(.text) for PINSEL_ConfigPin
    main.o(.text) refers to lpc17xx_gpio.o(.text) for GPIO_SetDir
    main.o(.text) refers to timer0.o(.text) for T0_Init
    main.o(.text) refers to timer1.o(.text) for T1_Init
    main.o(.text) refers to affichagelcd.o(.text) for dessiner_rect
    main.o(.text) refers to touch_panel.o(.text) for touch_read
    main.o(.text) refers to tactile.o(.text) for couleur_touchee
    main.o(.text) refers to rand.o(.emb_text) for rand
    main.o(.text) refers to main.o(.data) for highScore
    main.o(.text) refers to main.o(.bss) for sequence
    main.o(.text) refers to __2sprintf.o(.text) for __2sprintf
    main.o(.text) refers to lcd_api.o(.text) for LCD_write_english_string
    main.o(.text) refers to rand.o(.text) for srand
    main.o(.text) refers to ili_lcd_general.o(.text) for lcd_Initializtion
    ili_lcd_general.o(.text) refers to lpc17xx_gpio.o(.text) for FIO_SetDir
    ili_lcd_general.o(.text) refers to ili_lcd_general.o(i.write_cmd) for write_cmd
    ili_lcd_general.o(.text) refers to ili_lcd_general.o(i.lcd_send) for lcd_send
    ili_lcd_general.o(.text) refers to ili_lcd_general.o(i.wait_delay) for wait_delay
    ili_lcd_general.o(.text) refers to ili_lcd_general.o(i.write_reg) for write_reg
    ili_lcd_general.o(.text) refers to ili_lcd_general.o(i.read_data) for read_data
    ili_lcd_general.o(.text) refers to ili_lcd_general.o(.data) for deviceid
    lcd_api.o(.text) refers to ili_lcd_general.o(.text) for lcd_SetCursor
    lcd_api.o(.text) refers to english_16x8.o(.constdata) for english
    affichagelcd.o(.text) refers to ili_lcd_general.o(.text) for lcd_SetCursor
    touch_panel.o(.text) refers to _printf_pad.o(.text) for _printf_pre_padding
    touch_panel.o(.text) refers to _printf_percent.o(.ARM.Collect$$_printf_percent$$00000000) for _printf_percent
    touch_panel.o(.text) refers to _printf_d.o(.ARM.Collect$$_printf_percent$$00000009) for _printf_d
    touch_panel.o(.text) refers to _printf_dec.o(.text) for _printf_int_dec
    touch_panel.o(.text) refers to lpc17xx_ssp.o(.text) for SSP_ReadWrite
    touch_panel.o(.text) refers to lpc17xx_pinsel.o(.text) for PINSEL_ConfigPin
    touch_panel.o(.text) refers to lpc17xx_gpio.o(.text) for GPIO_SetDir
    touch_panel.o(.text) refers to __2sprintf.o(.text) for __2sprintf
    touch_panel.o(.text) refers to lcd_api.o(.text) for LCD_write_english_string
[...]
    libinit.o(.ARM.Collect$$libinit$$00000000) refers (Special) to libinit2.o(.ARM.Collect$$libinit$$00000002) for __rt_lib_init_fp_1
    libinit.o(.ARM.Collect$$libinit$$00000000) refers (Special) to libinit2.o(.ARM.Collect$$libinit$$0000001F) for __rt_lib_init_fp_trap_1
    libinit.o(.ARM.Collect$$libinit$$00000000) refers (Special) to libinit2.o(.ARM.Collect$$libinit$$00000023) for __rt_lib_init_getenv_1
    libinit.o(.ARM.Collect$$libinit$$00000000) refers (Special) to libinit2.o(.ARM.Collect$$libinit$$0000000A) for __rt_lib_init_heap_1
    libinit.o(.ARM.Collect$$libinit$$00000000) refers (Special) to libinit2.o(.ARM.Collect$$libinit$$00000011) for __rt_lib_init_lc_collate_1
    libinit.o(.ARM.Collect$$libinit$$00000000) refers (Special) to libinit2.o(.ARM.Collect$$libinit$$00000013) for __rt_lib_init_lc_ctype_1
    libinit.o(.ARM.Collect$$libinit$$00000000) refers (Special) to libinit2.o(.ARM.Collect$$libinit$$00000015) for __rt_lib_init_lc_monetary_1
    libinit.o(.ARM.Collect$$libinit$$00000000) refers (Special) to libinit2.o(.ARM.Collect$$libinit$$00000017) for __rt_lib_init_lc_numeric_1
    libinit.o(.ARM.Collect$$libinit$$00000000) refers (Special) to libinit2.o(.ARM.Collect$$libinit$$00000019) for __rt_lib_init_lc_time_1
    libinit.o(.ARM.Collect$$libinit$$00000000) refers (Special) to libinit2.o(.ARM.Collect$$libinit$$00000004) for __rt_lib_init_preinit_1
    libinit.o(.ARM.Collect$$libinit$$00000000) refers (Special) to libinit2.o(.ARM.Collect$$libinit$$0000000E) for __rt_lib_init_rand_1
    libinit.o(.ARM.Collect$$libinit$$00000000) refers (Special) to libinit2.o(.ARM.Collect$$libinit$$00000033) for __rt_lib_init_return
    libinit.o(.ARM.Collect$$libinit$$00000000) refers (Special) to libinit2.o(.ARM.Collect$$libinit$$0000001D) for __rt_lib_init_signal_1
    libinit.o(.ARM.Collect$$libinit$$00000000) refers (Special) to libinit2.o(.ARM.Collect$$libinit$$00000025) for __rt_lib_init_stdio_1
    libinit.o(.ARM.Collect$$libinit$$00000000) refers (Special) to libinit2.o(.ARM.Collect$$libinit$$0000000C) for __rt_lib_init_user_alloc_1
    sys_command.o(.text) refers (Special) to use_no_semi.o(.text) for __I$use$semihosting
    sys_command.o(.text) refers (Special) to indicate_semi.o(.text) for __semihosting_library_function
    libspace.o(.text) refers to libspace.o(.bss) for __libspace_start
    rtexit.o(.ARM.Collect$$rtexit$$00000000) refers (Special) to rtexit2.o(.ARM.Collect$$rtexit$$00000004) for __rt_exit_exit
    rtexit.o(.ARM.Collect$$rtexit$$00000000) refers (Special) to rtexit2.o(.ARM.Collect$$rtexit$$00000003) for __rt_exit_ls
    rtexit.o(.ARM.Collect$$rtexit$$00000000) refers (Special) to rtexit2.o(.ARM.Collect$$rtexit$$00000002) for __rt_exit_prels_1
    rtexit.o(.ARM.exidx) refers (Special) to rtexit2.o(.ARM.Collect$$rtexit$$00000004) for __rt_exit_exit
    rtexit.o(.ARM.exidx) refers (Special) to rtexit2.o(.ARM.Collect$$rtexit$$00000003) for __rt_exit_ls
    rtexit.o(.ARM.exidx) refers (Special) to rtexit2.o(.ARM.Collect$$rtexit$$00000002) for __rt_exit_prels_1
    rtexit.o(.ARM.exidx) refers to rtexit.o(.ARM.Collect$$rtexit$$00000000) for .ARM.Collect$$rtexit$$00000000
    __raise.o(.text) refers to defsig.o(CL$$defsig) for __default_signal_handler
    defsig_general.o(.text) refers to sys_wrch.o(.text) for _ttywrch
    defsig_fpe_inner.o(.text) refers to defsig_general.o(.text) for __default_signal_display
    defsig_rtmem_outer.o(.text) refers to defsig_rtmem_inner.o(.text) for __rt_SIGRTMEM_inner
    defsig_rtmem_outer.o(.text) refers to defsig_exit.o(.text) for __sig_exit
    defsig_rtmem_formal.o(.text) refers to rt_raise.o(.text) for __rt_raise
    rtexit2.o(.ARM.Collect$$rtexit$$00000003) refers to libshutdown.o(.ARM.Collect$$libshutdown$$00000000) for __rt_lib_shutdown
    rtexit2.o(.ARM.Collect$$rtexit$$00000004) refers to sys_exit.o(.text) for _sys_exit
    rtexit2.o(.ARM.exidx) refers to rtexit2.o(.ARM.Collect$$rtexit$$00000001) for .ARM.Collect$$rtexit$$00000001
    rtexit2.o(.ARM.exidx) refers to rtexit2.o(.ARM.Collect$$rtexit$$00000003) for .ARM.Collect$$rtexit$$00000003
    rtexit2.o(.ARM.exidx) refers to rtexit2.o(.ARM.Collect$$rtexit$$00000004) for .ARM.Collect$$rtexit$$00000004
    defsig_rtmem_inner.o(.text) refers to defsig_general.o(.text) for __default_signal_display
    defsig.o(CL$$defsig) refers to defsig_abrt_inner.o(.text) for __rt_SIGABRT_inner
    defsig.o(CL$$defsig) refers to defsig_fpe_inner.o(.text) for __rt_SIGFPE_inner
    defsig.o(CL$$defsig) refers to defsig_rtmem_inner.o(.text) for __rt_SIGRTMEM_inner
    defsig_rtred_inner.o(.text) refers to defsig_general.o(.text) for __default_signal_display
    defsig_stak_inner.o(.text) refers to defsig_general.o(.text) for __default_signal_display
    defsig_pvfn_inner.o(.text) refers to defsig_general.o(.text) for __default_signal_display
    defsig_cppl_inner.o(.text) refers to defsig_general.o(.text) for __default_signal_display
    defsig_segv_inner.o(.text) refers to defsig_general.o(.text) for __default_signal_display
    defsig_other.o(.text) refers to defsig_general.o(.text) for __default_signal_display
    libshutdown.o(.ARM.Collect$$libshutdown$$00000000) refers (Special) to libshutdown2.o(.ARM.Collect$$libshutdown$$00000002) for __rt_lib_shutdown_cpp_1
    libshutdown.o(.ARM.Collect$$libshutdown$$00000000) refers (Special) to libshutdown2.o(.ARM.Collect$$libshutdown$$00000007) for __rt_lib_shutdown_fp_trap_1
    libshutdown.o(.ARM.Collect$$libshutdown$$00000000) refers (Special) to libshutdown2.o(.ARM.Collect$$libshutdown$$0000000F) for __rt_lib_shutdown_heap_1
    libshutdown.o(.ARM.Collect$$libshutdown$$00000000) refers (Special) to libshutdown2.o(.ARM.Collect$$libshutdown$$00000010) for __rt_lib_shutdown_return
    libshutdown.o(.ARM.Collect$$libshutdown$$00000000) refers (Special) to libshutdown2.o(.ARM.Collect$$libshutdown$$0000000A) for __rt_lib_shutdown_signal_1
    libshutdown.o(.ARM.Collect$$libshutdown$$00000000) refers (Special) to libshutdown2.o(.ARM.Collect$$libshutdown$$00000004) for __rt_lib_shutdown_stdio_1
    libshutdown.o(.ARM.Collect$$libshutdown$$00000000) refers (Special) to libshutdown2.o(.ARM.Collect$$libshutdown$$0000000C) for __rt_lib_shutdown_user_alloc_1
    ili_lcd_general.o(i.write_cmd) refers to ili_lcd_general.o(i.lcd_send) for lcd_send
    ili_lcd_general.o(i.write_cmd) refers to ili_lcd_general.o(i.wait_delay) for wait_delay
    ili_lcd_general.o(i.read_data) refers to ili_lcd_general.o(i.wait_delay) for wait_delay
    ili_lcd_general.o(i.write_reg) refers to ili_lcd_general.o(i.write_cmd) for write_cmd
    ili_lcd_general.o(i.write_reg) refers to ili_lcd_general.o(.text) for write_data


==============================================================================

Removing Unused input sections from the image.

    Removing system_lpc17xx.o(.emb_text), (8 bytes).
    Removing lpc17xx_clkpwr.o(.emb_text), (8 bytes).
    Removing lpc17xx_gpio.o(.emb_text), (8 bytes).
    Removing lpc17xx_pinsel.o(.emb_text), (8 bytes).
    Removing lpc17xx_timer.o(.emb_text), (8 bytes).
    Removing lpc17xx_exti.o(.emb_text), (8 bytes).
    Removing lpc17xx_exti.o(.text), (172 bytes).
    Removing lpc17xx_nvic.o(.emb_text), (8 bytes).
    Removing lpc17xx_nvic.o(.text), (156 bytes).
    Removing lpc17xx_ssp.o(.emb_text), (8 bytes).
    Removing lpc17xx_i2c.o(.emb_text), (8 bytes).
    Removing main.o(.emb_text), (8 bytes).
    Removing ili_lcd_general.o(.emb_text), (8 bytes).
    Removing lcd_api.o(.emb_text), (8 bytes).
    Removing affichagelcd.o(.emb_text), (8 bytes).
    Removing touch_panel.o(.emb_text), (8 bytes).
    Removing timer0.o(.emb_text), (8 bytes).
    Removing timer1.o(.emb_text), (8 bytes).
    Removing memoire.o(.emb_text), (8 bytes).

19 unused section(s) (total 464 bytes) removed from the image.

==============================================================================

Image Symbol Table

    Local Symbols

    Symbol Name                              Value     Ov Type        Size  Object(Section)

    RESET                                    0x00000000   Section      204  startup_lpc17xx.o(RESET)
    ../clib/angel/boardlib.s                 0x00000000   Number         0  boardinit1.o ABSOLUTE
    ../clib/angel/boardlib.s                 0x00000000   Number         0  boardshut.o ABSOLUTE
    ../clib/angel/boardlib.s                 0x00000000   Number         0  boardinit2.o ABSOLUTE
    ../clib/angel/boardlib.s                 0x00000000   Number         0  boardinit3.o ABSOLUTE
    ../clib/angel/handlers.s                 0x00000000   Number         0  __scatter_zi.o ABSOLUTE
    ../clib/angel/handlers.s                 0x00000000   Number         0  __scatter_copy.o ABSOLUTE
    ../clib/angel/kernel.s                   0x00000000   Number         0  rtexit.o ABSOLUTE
    ../clib/angel/kernel.s                   0x00000000   Number         0  __rtentry.o ABSOLUTE
    ../clib/angel/kernel.s                   0x00000000   Number         0  rtexit2.o ABSOLUTE
    ../clib/angel/kernel.s                   0x00000000   Number         0  __rtentry4.o ABSOLUTE
    ../clib/angel/kernel.s                   0x00000000   Number         0  __rtentry2.o ABSOLUTE
    ../clib/angel/rt.s                       0x00000000   Number         0  aeabi_ldiv0.o ABSOLUTE
    ../clib/angel/rt.s                       0x00000000   Number         0  rt_div0.o ABSOLUTE
    ../clib/angel/rt.s                       0x00000000   Number         0  rt_raise.o ABSOLUTE
    ../clib/angel/rt.s                       0x00000000   Number         0  aeabi_ldiv0_sigfpe.o ABSOLUTE
    ../clib/angel/scatter.s                  0x00000000   Number         0  __scatter.o ABSOLUTE
    ../clib/angel/startup.s                  0x00000000   Number         0  __main.o ABSOLUTE
    ../clib/angel/sys.s                      0x00000000   Number         0  sys_stackheap_outer.o ABSOLUTE
    ../clib/angel/sys.s                      0x00000000   Number         0  use_no_semi.o ABSOLUTE
    ../clib/angel/sys.s                      0x00000000   Number         0  libspace.o ABSOLUTE
    ../clib/angel/sys.s                      0x00000000   Number         0  indicate_semi.o ABSOLUTE
    ../clib/angel/sysapp.c                   0x00000000   Number         0  sys_exit.o ABSOLUTE
    ../clib/angel/sysapp.c                   0x00000000   Number         0  sys_wrch.o ABSOLUTE
    ../clib/angel/sysapp.c                   0x00000000   Number         0  sys_command.o ABSOLUTE
    ../clib/armsys.c                         0x00000000   Number         0  no_argv.o ABSOLUTE
    ../clib/armsys.c                         0x00000000   Number         0  _get_argv_nomalloc.o ABSOLUTE
    ../clib/armsys.c                         0x00000000   Number         0  argv_veneer.o ABSOLUTE
    ../clib/armsys.c                         0x00000000   Number         0  argv_veneer.o ABSOLUTE
    ../clib/assert.c                         0x00000000   Number         0  assert.o ABSOLUTE
    ../clib/assert.c                         0x00000000   Number         0  assert_puts.o ABSOLUTE
    ../clib/heapalloc.c                      0x00000000   Number         0  hrguard.o ABSOLUTE
    ../clib/heapaux.c                        0x00000000   Number         0  heapauxi.o ABSOLUTE
    ../clib/libinit.s                        0x00000000   Number         0  libinit.o ABSOLUTE
    ../clib/libinit.s                        0x00000000   Number         0  libshutdown2.o ABSOLUTE
    ../clib/libinit.s                        0x00000000   Number         0  libshutdown.o ABSOLUTE
    ../clib/libinit.s                        0x00000000   Number         0  libinit2.o ABSOLUTE
    ../clib/longlong.s                       0x00000000   Number         0  lludivv7m.o ABSOLUTE
    ../clib/misc.s                           0x00000000   Number         0  printf_stubs.o ABSOLUTE
    ../clib/printf.c                         0x00000000   Number         0  _printf_char_common.o ABSOLUTE
    ../clib/printf.c                         0x00000000   Number         0  __printf_flags_wp.o ABSOLUTE
    ../clib/printf.c                         0x00000000   Number         0  _printf_intcommon.o ABSOLUTE
    ../clib/printf.c                         0x00000000   Number         0  __printf_ss_wp.o ABSOLUTE
    ../clib/printf.c                         0x00000000   Number         0  __printf_flags_ss_wp.o ABSOLUTE
    ../clib/printf.c                         0x00000000   Number         0  __printf_wp.o ABSOLUTE
    ../clib/printf.c                         0x00000000   Number         0  __printf_nopercent.o ABSOLUTE
    ../clib/printf.c                         0x00000000   Number         0  __2sprintf.o ABSOLUTE
    ../clib/printf.c                         0x00000000   Number         0  noretval__2sprintf.o ABSOLUTE
    ../clib/printf.c                         0x00000000   Number         0  __printf.o ABSOLUTE
    ../clib/printf.c                         0x00000000   Number         0  _printf_pad.o ABSOLUTE
    ../clib/printf.c                         0x00000000   Number         0  _printf_dec.o ABSOLUTE
    ../clib/printf.c                         0x00000000   Number         0  __printf_flags.o ABSOLUTE
    ../clib/printf.c                         0x00000000   Number         0  __printf_ss.o ABSOLUTE
    ../clib/printf.c                         0x00000000   Number         0  __printf_flags_ss.o ABSOLUTE
    ../clib/printf.c                         0x00000000   Number         0  _sputc.o ABSOLUTE
    ../clib/printf_percent.s                 0x00000000   Number         0  _printf_percent.o ABSOLUTE
    ../clib/printf_percent.s                 0x00000000   Number         0  _printf_d.o ABSOLUTE
    ../clib/printf_percent.s                 0x00000000   Number         0  _printf_percent_end.o ABSOLUTE
    ../clib/signal.c                         0x00000000   Number         0  defsig_cppl_inner.o ABSOLUTE
    ../clib/signal.c                         0x00000000   Number         0  defsig_other.o ABSOLUTE
    ../clib/signal.c                         0x00000000   Number         0  defsig_rtmem_formal.o ABSOLUTE
    ../clib/signal.c                         0x00000000   Number         0  defsig_abrt_formal.o ABSOLUTE
    ../clib/signal.c                         0x00000000   Number         0  defsig_general.o ABSOLUTE
    ../clib/signal.c                         0x00000000   Number         0  __raise.o ABSOLUTE
    ../clib/signal.c                         0x00000000   Number         0  defsig_rtmem_inner.o ABSOLUTE
    ../clib/signal.c                         0x00000000   Number         0  defsig_fpe_inner.o ABSOLUTE
    ../clib/signal.c                         0x00000000   Number         0  defsig_rtred_inner.o ABSOLUTE
    ../clib/signal.c                         0x00000000   Number         0  defsig_stak_inner.o ABSOLUTE
    ../clib/signal.c                         0x00000000   Number         0  defsig_pvfn_inner.o ABSOLUTE
    ../clib/signal.c                         0x00000000   Number         0  defsig_abrt_outer.o ABSOLUTE
    ../clib/signal.c                         0x00000000   Number         0  defsig_segv_inner.o ABSOLUTE
    ../clib/signal.c                         0x00000000   Number         0  defsig_rtmem_outer.o ABSOLUTE
    ../clib/signal.c                         0x00000000   Number         0  defsig_fpe_formal.o ABSOLUTE
    ../clib/signal.c                         0x00000000   Number         0  defsig_fpe_outer.o ABSOLUTE
    ../clib/signal.c                         0x00000000   Number         0  defsig_abrt_inner.o ABSOLUTE
    ../clib/signal.c                         0x00000000   Number         0  defsig_exit.o ABSOLUTE
    ../clib/signal.s                         0x00000000   Number         0  defsig.o ABSOLUTE
    ../clib/stdlib.c                         0x00000000   Number         0  abort.o ABSOLUTE
    ../clib/stdlib.c                         0x00000000   Number         0  rand.o ABSOLUTE
    ../clib/stdlib.c                         0x00000000   Number         0  exit.o ABSOLUTE
    ../clib/stdlib.c                         0x00000000   Number         0  rand.o ABSOLUTE
    ../fplib/fcmpi.s                         0x00000000   Number         0  fcmpi.o ABSOLUTE
    ../fplib/fdiv.s                          0x00000000   Number         0  fdiv.o ABSOLUTE
    ../fplib/fflt.s                          0x00000000   Number         0  fflt_clz.o ABSOLUTE
    ../fplib/fleqf.s                         0x00000000   Number         0  fleqf.o ABSOLUTE
    ../fplib/fmul.s                          0x00000000   Number         0  fmul.o ABSOLUTE
    ../fplib/fnaninf.s                       0x00000000   Number         0  fnaninf.o ABSOLUTE
    ../fplib/fpinit.s                        0x00000000   Number         0  fpinit.o ABSOLUTE
    ../fplib/fretinf.s                       0x00000000   Number         0  fretinf.o ABSOLUTE
    ../fplib/frleqf.s                        0x00000000   Number         0  frleqf.o ABSOLUTE
    ../fplib/usenofp.s                       0x00000000   Number         0  usenofp.o ABSOLUTE
    ..\Libraries\CM3\CoreSupport\core_cm3.c  0x00000000   Number         0  core_cm3.o ABSOLUTE
    ..\Libraries\CM3\DeviceSupport\NXP\LPC17xx\startup\arm\startup_LPC17xx.s 0x00000000   Number         0  startup_lpc17xx.o ABSOLUTE
    ..\Libraries\CM3\DeviceSupport\NXP\LPC17xx\system_LPC17xx.c 0x00000000   Number         0  system_lpc17xx.o ABSOLUTE
    ..\Libraries\LCP1768_StdPeriph_Driver\source\lpc17xx_clkpwr.c 0x00000000   Number         0  lpc17xx_clkpwr.o ABSOLUTE
    ..\Libraries\LCP1768_StdPeriph_Driver\source\lpc17xx_exti.c 0x00000000   Number         0  lpc17xx_exti.o ABSOLUTE
    ..\Libraries\LCP1768_StdPeriph_Driver\source\lpc17xx_gpio.c 0x00000000   Number         0  lpc17xx_gpio.o ABSOLUTE
    ..\Libraries\LCP1768_StdPeriph_Driver\source\lpc17xx_i2c.c 0x00000000   Number         0  lpc17xx_i2c.o ABSOLUTE
    ..\Libraries\LCP1768_StdPeriph_Driver\source\lpc17xx_nvic.c 0x00000000   Number         0  lpc17xx_nvic.o ABSOLUTE
    ..\Libraries\LCP1768_StdPeriph_Driver\source\lpc17xx_pinsel.c 0x00000000   Number         0  lpc17xx_pinsel.o ABSOLUTE
    ..\Libraries\LCP1768_StdPeriph_Driver\source\lpc17xx_ssp.c 0x00000000   Number         0  lpc17xx_ssp.o ABSOLUTE
    ..\Libraries\LCP1768_StdPeriph_Driver\source\lpc17xx_timer.c 0x00000000   Number         0  lpc17xx_timer.o ABSOLUTE
    ..\User\affichagelcd.c                   0x00000000   Number         0  affichagelcd.o ABSOLUTE
    ..\User\main.c                           0x00000000   Number         0  main.o ABSOLUTE
    ..\User\memoire.c                        0x00000000   Number         0  memoire.o ABSOLUTE
    ..\User\tactile.c                        0x00000000   Number         0  tactile.o ABSOLUTE
    ..\User\timer0.c                         0x00000000   Number         0  timer0.o ABSOLUTE
    ..\User\timer1.c                         0x00000000   Number         0  timer1.o ABSOLUTE
    ..\User\touch\english_16x8.c             0x00000000   Number         0  english_16x8.o ABSOLUTE
    ..\User\touch\ili_lcd_general.c          0x00000000   Number         0  ili_lcd_general.o ABSOLUTE
    ..\User\touch\lcd_api.c                  0x00000000   Number         0  lcd_api.o ABSOLUTE
    ..\User\touch\touch_panel.c              0x00000000   Number         0  touch_panel.o ABSOLUTE
    ..\\Libraries\\CM3\\DeviceSupport\\NXP\\LPC17xx\\system_LPC17xx.c 0x00000000   Number         0  system_lpc17xx.o ABSOLUTE
    ..\\Libraries\\LCP1768_StdPeriph_Driver\\source\\lpc17xx_clkpwr.c 0x00000000   Number         0  lpc17xx_clkpwr.o ABSOLUTE
    ..\\Libraries\\LCP1768_StdPeriph_Driver\\source\\lpc17xx_exti.c 0x00000000   Number         0  lpc17xx_exti.o ABSOLUTE
    ..\\Libraries\\LCP1768_StdPeriph_Driver\\source\\lpc17xx_gpio.c 0x00000000   Number         0  lpc17xx_gpio.o ABSOLUTE
    ..\\Libraries\\LCP1768_StdPeriph_Driver\\source\\lpc17xx_i2c.c 0x00000000   Number         0  lpc17xx_i2c.o ABSOLUTE
    ..\\Libraries\\LCP1768_StdPeriph_Driver\\source\\lpc17xx_nvic.c 0x00000000   Number         0  lpc17xx_nvic.o ABSOLUTE
    ..\\Libraries\\LCP1768_StdPeriph_Driver\\source\\lpc17xx_pinsel.c 0x00000000   Number         0  lpc17xx_pinsel.o ABSOLUTE
    ..\\Libraries\\LCP1768_StdPeriph_Driver\\source\\lpc17xx_ssp.c 0x00000000   Number         0  lpc17xx_ssp.o ABSOLUTE
    ..\\Libraries\\LCP1768_StdPeriph_Driver\\source\\lpc17xx_timer.c 0x00000000   Number         0  lpc17xx_timer.o ABSOLUTE
    ..\\User\\affichagelcd.c                 0x00000000   Number         0  affichagelcd.o ABSOLUTE
    ..\\User\\main.c                         0x00000000   Number         0  main.o ABSOLUTE
    ..\\User\\memoire.c                      0x00000000   Number         0  memoire.o ABSOLUTE
    ..\\User\\timer0.c                       0x00000000   Number         0  timer0.o ABSOLUTE
    ..\\User\\timer1.c                       0x00000000   Number         0  timer1.o ABSOLUTE
    ..\\User\\touch\\ili_lcd_general.c       0x00000000   Number         0  ili_lcd_general.o ABSOLUTE
    ..\\User\\touch\\lcd_api.c               0x00000000   Number         0  lcd_api.o ABSOLUTE
    ..\\User\\touch\\touch_panel.c           0x00000000   Number         0  touch_panel.o ABSOLUTE
    dc.s                                     0x00000000   Number         0  dc.o ABSOLUTE
    !!!main                                  0x000000cc   Section        8  __main.o(!!!main)
    !!!scatter                               0x000000d4   Section       52  __scatter.o(!!!scatter)
    !!handler_copy                           0x00000108   Section       26  __scatter_copy.o(!!handler_copy)
    !!handler_zi                             0x00000124   Section       28  __scatter_zi.o(!!handler_zi)
    .ARM.Collect$$_printf_percent$$00000000  0x00000140   Section        0  _printf_percent.o(.ARM.Collect$$_printf_percent$$00000000)
    .ARM.Collect$$_printf_percent$$00000009  0x00000140   Section        6  _printf_d.o(.ARM.Collect$$_printf_percent$$00000009)
    .ARM.Collect$$_printf_percent$$00000017  0x00000146   Section        4  _printf_percent_end.o(.ARM.Collect$$_printf_percent$$00000017)
    .ARM.Collect$$libinit$$00000000          0x0000014a   Section        2  libinit.o(.ARM.Collect$$libinit$$00000000)
    .ARM.Collect$$libinit$$00000002          0x0000014c   Section        0  libinit2.o(.ARM.Collect$$libinit$$00000002)
    .ARM.Collect$$libinit$$00000004          0x0000014c   Section        0  libinit2.o(.ARM.Collect$$libinit$$00000004)
    .ARM.Collect$$libinit$$0000000A          0x0000014c   Section        0  libinit2.o(.ARM.Collect$$libinit$$0000000A)
    .ARM.Collect$$libinit$$0000000C          0x0000014c   Section        0  libinit2.o(.ARM.Collect$$libinit$$0000000C)
    .ARM.Collect$$libinit$$0000000D          0x0000014c   Section        4  libinit2.o(.ARM.Collect$$libinit$$0000000D)
    .ARM.Collect$$libinit$$0000000E          0x00000150   Section        0  libinit2.o(.ARM.Collect$$libinit$$0000000E)
    .ARM.Collect$$libinit$$00000011          0x00000150   Section        0  libinit2.o(.ARM.Collect$$libinit$$00000011)
    .ARM.Collect$$libinit$$00000013          0x00000150   Section        0  libinit2.o(.ARM.Collect$$libinit$$00000013)
    .ARM.Collect$$libinit$$00000015          0x00000150   Section        0  libinit2.o(.ARM.Collect$$libinit$$00000015)
    .ARM.Collect$$libinit$$00000017          0x00000150   Section        0  libinit2.o(.ARM.Collect$$libinit$$00000017)
    .ARM.Collect$$libinit$$00000019          0x00000150   Section        0  libinit2.o(.ARM.Collect$$libinit$$00000019)
    .ARM.Collect$$libinit$$0000001B          0x00000150   Section        0  libinit2.o(.ARM.Collect$$libinit$$0000001B)
    .ARM.Collect$$libinit$$0000001D          0x00000150   Section        0  libinit2.o(.ARM.Collect$$libinit$$0000001D)
    .ARM.Collect$$libinit$$0000001F          0x00000150   Section        0  libinit2.o(.ARM.Collect$$libinit$$0000001F)
    .ARM.Collect$$libinit$$00000021          0x00000150   Section        0  libinit2.o(.ARM.Collect$$libinit$$00000021)
    .ARM.Collect$$libinit$$00000023          0x00000150   Section        0  libinit2.o(.ARM.Collect$$libinit$$00000023)
    .ARM.Collect$$libinit$$00000025          0x00000150   Section        0  libinit2.o(.ARM.Collect$$libinit$$00000025)
    .ARM.Collect$$libinit$$0000002C          0x00000150   Section        0  libinit2.o(.ARM.Collect$$libinit$$0000002C)
    .ARM.Collect$$libinit$$0000002E          0x00000150   Section        0  libinit2.o(.ARM.Collect$$libinit$$0000002E)
    .ARM.Collect$$libinit$$00000030          0x00000150   Section        0  libinit2.o(.ARM.Collect$$libinit$$00000030)
    .ARM.Collect$$libinit$$00000032          0x00000150   Section        0  libinit2.o(.ARM.Collect$$libinit$$00000032)
    .ARM.Collect$$libinit$$00000033          0x00000150   Section        2  libinit2.o(.ARM.Collect$$libinit$$00000033)
    .ARM.Collect$$libshutdown$$00000000      0x00000152   Section        2  libshutdown.o(.ARM.Collect$$libshutdown$$00000000)
    .ARM.Collect$$libshutdown$$00000002      0x00000154   Section        0  libshutdown2.o(.ARM.Collect$$libshutdown$$00000002)
    .ARM.Collect$$libshutdown$$00000004      0x00000154   Section        0  libshutdown2.o(.ARM.Collect$$libshutdown$$00000004)
    .ARM.Collect$$libshutdown$$00000007      0x00000154   Section        0  libshutdown2.o(.ARM.Collect$$libshutdown$$00000007)
    .ARM.Collect$$libshutdown$$0000000A      0x00000154   Section        0  libshutdown2.o(.ARM.Collect$$libshutdown$$0000000A)
    .ARM.Collect$$libshutdown$$0000000C      0x00000154   Section        0  libshutdown2.o(.ARM.Collect$$libshutdown$$0000000C)
    .ARM.Collect$$libshutdown$$0000000F      0x00000154   Section        0  libshutdown2.o(.ARM.Collect$$libshutdown$$0000000F)
    .ARM.Collect$$libshutdown$$00000010      0x00000154   Section        2  libshutdown2.o(.ARM.Collect$$libshutdown$$00000010)
    .ARM.Collect$$rtentry$$00000000          0x00000156   Section        0  __rtentry.o(.ARM.Collect$$rtentry$$00000000)
    .ARM.Collect$$rtentry$$00000002          0x00000156   Section        0  __rtentry2.o(.ARM.Collect$$rtentry$$00000002)
    .ARM.Collect$$rtentry$$00000004          0x00000156   Section        6  __rtentry4.o(.ARM.Collect$$rtentry$$00000004)
    .ARM.Collect$$rtentry$$00000009          0x0000015c   Section        0  __rtentry2.o(.ARM.Collect$$rtentry$$00000009)
    .ARM.Collect$$rtentry$$0000000A          0x0000015c   Section        4  __rtentry2.o(.ARM.Collect$$rtentry$$0000000A)
    .ARM.Collect$$rtentry$$0000000C          0x00000160   Section        0  __rtentry2.o(.ARM.Collect$$rtentry$$0000000C)
    .ARM.Collect$$rtentry$$0000000D          0x00000160   Section        8  __rtentry2.o(.ARM.Collect$$rtentry$$0000000D)
    .ARM.Collect$$rtexit$$00000000           0x00000168   Section        2  rtexit.o(.ARM.Collect$$rtexit$$00000000)
    .ARM.Collect$$rtexit$$00000002           0x0000016a   Section        0  rtexit2.o(.ARM.Collect$$rtexit$$00000002)
    .ARM.Collect$$rtexit$$00000003           0x0000016a   Section        4  rtexit2.o(.ARM.Collect$$rtexit$$00000003)
    .ARM.Collect$$rtexit$$00000004           0x0000016e   Section        6  rtexit2.o(.ARM.Collect$$rtexit$$00000004)
    .emb_text                                0x00000174   Section       52  rand.o(.emb_text)
    .text                                    0x000001a8   Section       60  startup_lpc17xx.o(.text)
    .text                                    0x000001e4   Section        0  lpc17xx_pinsel.o(.text)
    set_PinFunc                              0x000001e5   Thumb Code    60  lpc17xx_pinsel.o(.text)
    set_ResistorMode                         0x00000221   Thumb Code    62  lpc17xx_pinsel.o(.text)
    set_OpenDrainMode                        0x0000025f   Thumb Code    44  lpc17xx_pinsel.o(.text)
    .text                                    0x000002e4   Section        0  heapauxi.o(.text)
    .text                                    0x000002ea   Section        0  _sputc.o(.text)
    .text                                    0x000002f4   Section        2  use_no_semi.o(.text)
    .text                                    0x000002f6   Section        0  indicate_semi.o(.text)
    x$fpl$usenofp                            0x000002f6   Section        0  usenofp.o(x$fpl$usenofp)
    .ARM.__at_0x02FC                         0x000002fc   Section        4  startup_lpc17xx.o(.ARM.__at_0x02FC)
    .text                                    0x00000300   Section        0  system_lpc17xx.o(.text)
    .text                                    0x00000580   Section        0  lpc17xx_clkpwr.o(.text)
    .text                                    0x000006c0   Section        0  lpc17xx_gpio.o(.text)
    GPIO_GetPointer                          0x000006c1   Thumb Code    52  lpc17xx_gpio.o(.text)
    FIO_HalfWordGetPointer                   0x000006f5   Thumb Code    52  lpc17xx_gpio.o(.text)
    FIO_ByteGetPointer                       0x00000729   Thumb Code    52  lpc17xx_gpio.o(.text)
    .text                                    0x00000acc   Section        0  lpc17xx_timer.o(.text)
    getPClock                                0x00000acd   Thumb Code    66  lpc17xx_timer.o(.text)
    converUSecToVal                          0x00000b0f   Thumb Code    50  lpc17xx_timer.o(.text)
    converPtrToTimeNum                       0x00000b41   Thumb Code    46  lpc17xx_timer.o(.text)
    .text                                    0x00001150   Section        0  lpc17xx_ssp.o(.text)
    setSSPclock                              0x00001151   Thumb Code   130  lpc17xx_ssp.o(.text)
    .text                                    0x00001820   Section        0  lpc17xx_i2c.o(.text)
    I2C_getNum                               0x00001821   Thumb Code    38  lpc17xx_i2c.o(.text)
    I2C_Start                                0x00001847   Thumb Code    34  lpc17xx_i2c.o(.text)
    I2C_Stop                                 0x00001869   Thumb Code    22  lpc17xx_i2c.o(.text)
    I2C_SendByte                             0x0000187f   Thumb Code    42  lpc17xx_i2c.o(.text)
    I2C_GetByte                              0x000018a9   Thumb Code    44  lpc17xx_i2c.o(.text)
    I2C_SetClock                             0x000018d5   Thumb Code    98  lpc17xx_i2c.o(.text)
    NVIC_EnableIRQ                           0x00002381   Thumb Code    22  lpc17xx_i2c.o(.text)
    NVIC_DisableIRQ                          0x00002397   Thumb Code    18  lpc17xx_i2c.o(.text)
    .text                                    0x000023c8   Section        0  main.o(.text)
    .text                                    0x00002c8c   Section        0  ili_lcd_general.o(.text)
    delay                                    0x00002c8d   Thumb Code    14  ili_lcd_general.o(.text)
    lcd_port_init                            0x00002c9b   Thumb Code    48  ili_lcd_general.o(.text)
    .text                                    0x000037a0   Section        0  lcd_api.o(.text)
    .text                                    0x00003850   Section        0  affichagelcd.o(.text)
    .text                                    0x00003940   Section        0  touch_panel.o(.text)
    .text                                    0x00003d18   Section        0  timer0.o(.text)
    .text                                    0x00003ec8   Section        0  tactile.o(.text)
    .text                                    0x00003fc4   Section        0  timer1.o(.text)
    .text                                    0x00004060   Section        0  memoire.o(.text)
    .text                                    0x0000410c   Section      238  lludivv7m.o(.text)
    .text                                    0x000041fc   Section        0  __2sprintf.o(.text)
    .text                                    0x00004228   Section        0  _printf_pad.o(.text)
    .text                                    0x00004278   Section        0  _printf_dec.o(.text)
    .text                                    0x000042f0   Section        0  __printf_flags_wp.o(.text)
    .text                                    0x00004428   Section        0  rand.o(.text)
    .text                                    0x00004464   Section        0  assert.o(.text)
    .text                                    0x000044e4   Section        0  _printf_intcommon.o(.text)
    .text                                    0x00004598   Section        0  _printf_char_common.o(.text)
    _printf_input_char                       0x00004599   Thumb Code    10  _printf_char_common.o(.text)
    .text                                    0x000045c8   Section        0  abort.o(.text)
    .text                                    0x000045de   Section        0  assert_puts.o(.text)
    .text                                    0x000045f2   Section        0  sys_wrch.o(.text)
    .text                                    0x00004600   Section        0  sys_exit.o(.text)
    .text                                    0x0000460c   Section        0  defsig_abrt_outer.o(.text)
    .text                                    0x0000461a   Section       74  sys_stackheap_outer.o(.text)
    .text                                    0x00004664   Section        0  exit.o(.text)
    .text                                    0x00004676   Section        0  defsig_exit.o(.text)
    .text                                    0x00004680   Section        0  defsig_abrt_inner.o(.text)
    .text                                    0x000046b0   Section        8  libspace.o(.text)
    .text                                    0x000046b8   Section        0  defsig_general.o(.text)
    i._is_digit                              0x000046ea   Section        0  __printf_wp.o(i._is_digit)
    i.lcd_send                               0x000046f8   Section        0  ili_lcd_general.o(i.lcd_send)
    i.read_data                              0x00004724   Section        0  ili_lcd_general.o(i.read_data)
    i.wait_delay                             0x0000479c   Section        0  ili_lcd_general.o(i.wait_delay)
    i.write_cmd                              0x000047b0   Section        0  ili_lcd_general.o(i.write_cmd)
    i.write_reg                              0x000047f0   Section        0  ili_lcd_general.o(i.write_reg)
    x$fpl$fcmpinf                            0x00004804   Section       24  fcmpi.o(x$fpl$fcmpinf)
    x$fpl$fdiv                               0x0000481c   Section      388  fdiv.o(x$fpl$fdiv)
    _fdiv1                                   0x0000481d   Thumb Code     0  fdiv.o(x$fpl$fdiv)
    x$fpl$fflt                               0x000049a0   Section       48  fflt_clz.o(x$fpl$fflt)
    x$fpl$fleqf                              0x000049d0   Section      104  fleqf.o(x$fpl$fleqf)
    x$fpl$fmul                               0x00004a38   Section      258  fmul.o(x$fpl$fmul)
    x$fpl$fnaninf                            0x00004b3a   Section      140  fnaninf.o(x$fpl$fnaninf)
    x$fpl$fretinf                            0x00004bc6   Section       10  fretinf.o(x$fpl$fretinf)
    x$fpl$frleqf                             0x00004bd0   Section       98  frleqf.o(x$fpl$frleqf)
    .constdata                               0x00004c32   Section     1520  english_16x8.o(.constdata)
    .constdata                               0x00005222   Section       17  __printf_flags_wp.o(.constdata)
    maptable                                 0x00005222   Data          17  __printf_flags_wp.o(.constdata)
    .data                                    0x10000000   Section        4  system_lpc17xx.o(.data)
    .data                                    0x10000004   Section        4  lpc17xx_i2c.o(.data)
    I2C_MonitorBufferIndex                   0x10000004   Data           4  lpc17xx_i2c.o(.data)
    .data                                    0x10000008   Section       48  main.o(.data)
    .data                                    0x10000038   Section        2  ili_lcd_general.o(.data)
    deviceid                                 0x10000038   Data           2  ili_lcd_general.o(.data)
    .bss                                     0x1000003c   Section       48  lpc17xx_i2c.o(.bss)
    i2cdat                                   0x1000003c   Data          24  lpc17xx_i2c.o(.bss)
    I2C_SlaveComplete                        0x10000060   Data          12  lpc17xx_i2c.o(.bss)
    .bss                                     0x1000006c   Section      232  main.o(.bss)
    .bss                                     0x10000154   Section       24  touch_panel.o(.bss)
    .bss                                     0x1000016c   Section      228  rand.o(.bss)
    .bss                                     0x10000250   Section       96  libspace.o(.bss)
    HEAP                                     0x100002b0   Section        0  startup_lpc17xx.o(HEAP)
    STACK                                    0x100002b0   Section      512  startup_lpc17xx.o(STACK)
    Heap_Mem                                 0x100002b0   Data           0  startup_lpc17xx.o(HEAP)
    Stack_Mem                                0x100002b0   Data         512  startup_lpc17xx.o(STACK)
    __initial_sp                             0x100004b0   Data           0  startup_lpc17xx.o(STACK)

    Global Symbols

    Symbol Name                              Value     Ov Type        Size  Object(Section)

    BuildAttributes$$THM_ISAv4$P$D$K$B$S$PE$A:L22UL41UL21$X:L11$S22US41US21$IEEE1$IW$USESV6$~STKCKD$USESV7$ENUMINT$~SHL$OSPACE$ROPI$EBA8$UX$STANDARDLIB$REQ8$PRES8$EABIv2 0x00000000   Number         0  anon$$obj.o ABSOLUTE
    __ARM_use_no_argv                        0x00000000   Number         0  main.o ABSOLUTE
    __Vectors                                0x00000000   Data           4  startup_lpc17xx.o(RESET)
    _printf_flags                            0x00000000   Number         0  printf_stubs.o ABSOLUTE
    _printf_return_value                     0x00000000   Number         0  printf_stubs.o ABSOLUTE
    _printf_sizespec                         0x00000000   Number         0  printf_stubs.o ABSOLUTE
    _printf_widthprec                        0x00000000   Number         0  printf_stubs.o ABSOLUTE
    __ARM_exceptions_init                     - Undefined Weak Reference
    __alloca_initialize                       - Undefined Weak Reference
    __arm_preinit_                            - Undefined Weak Reference
    __cpp_initialize__aeabi_                  - Undefined Weak Reference
    __cxa_finalize                            - Undefined Weak Reference
    __rt_locale                               - Undefined Weak Reference
    __sigvec_lookup                           - Undefined Weak Reference
    _atexit_init                              - Undefined Weak Reference
    _call_atexit_fns                          - Undefined Weak Reference
    _clock_init                               - Undefined Weak Reference
    _fp_trap_init                             - Undefined Weak Reference
    _fp_trap_shutdown                         - Undefined Weak Reference
    _get_lc_collate                           - Undefined Weak Reference
    _get_lc_ctype                             - Undefined Weak Reference
    _get_lc_monetary                          - Undefined Weak Reference
    _get_lc_numeric                           - Undefined Weak Reference
    _get_lc_time                              - Undefined Weak Reference
    _getenv_init                              - Undefined Weak Reference
    _handle_redirection                       - Undefined Weak Reference
    _init_alloc                               - Undefined Weak Reference
    _init_user_alloc                          - Undefined Weak Reference
    _initio                                   - Undefined Weak Reference
    _printf_truncate_signed                   - Undefined Weak Reference
    _printf_truncate_unsigned                 - Undefined Weak Reference
    _signal_finish                            - Undefined Weak Reference
    _signal_init                              - Undefined Weak Reference
    _terminate_alloc                          - Undefined Weak Reference
    _terminate_user_alloc                     - Undefined Weak Reference
    _terminateio                              - Undefined Weak Reference
    __main                                   0x000000cd   Thumb Code     8  __main.o(!!!main)
    __scatterload                            0x000000d5   Thumb Code     0  __scatter.o(!!!scatter)
    __scatterload_rt2                        0x000000d5   Thumb Code    44  __scatter.o(!!!scatter)
    __scatterload_rt2_thumb_only             0x000000d5   Thumb Code     0  __scatter.o(!!!scatter)
    __scatterload_null                       0x000000e3   Thumb Code     0  __scatter.o(!!!scatter)
    __scatterload_copy                       0x00000109   Thumb Code    26  __scatter_copy.o(!!handler_copy)
    __scatterload_zeroinit                   0x00000125   Thumb Code    28  __scatter_zi.o(!!handler_zi)
    _printf_d                                0x00000141   Thumb Code     0  _printf_d.o(.ARM.Collect$$_printf_percent$$00000009)
    _printf_percent                          0x00000141   Thumb Code     0  _printf_percent.o(.ARM.Collect$$_printf_percent$$00000000)
    _printf_percent_end                      0x00000147   Thumb Code     0  _printf_percent_end.o(.ARM.Collect$$_printf_percent$$00000017)
    __rt_lib_init                            0x0000014b   Thumb Code     0  libinit.o(.ARM.Collect$$libinit$$00000000)
    __rt_lib_init_fp_1                       0x0000014d   Thumb Code     0  libinit2.o(.ARM.Collect$$libinit$$00000002)
    __rt_lib_init_heap_1                     0x0000014d   Thumb Code     0  libinit2.o(.ARM.Collect$$libinit$$0000000A)
    __rt_lib_init_preinit_1                  0x0000014d   Thumb Code     0  libinit2.o(.ARM.Collect$$libinit$$00000004)
    __rt_lib_init_rand_2                     0x0000014d   Thumb Code     0  libinit2.o(.ARM.Collect$$libinit$$0000000D)
    __rt_lib_init_user_alloc_1               0x0000014d   Thumb Code     0  libinit2.o(.ARM.Collect$$libinit$$0000000C)
    __rt_lib_init_alloca_1                   0x00000151   Thumb Code     0  libinit2.o(.ARM.Collect$$libinit$$0000002E)
    __rt_lib_init_argv_1                     0x00000151   Thumb Code     0  libinit2.o(.ARM.Collect$$libinit$$0000002C)
    __rt_lib_init_atexit_1                   0x00000151   Thumb Code     0  libinit2.o(.ARM.Collect$$libinit$$0000001B)
    __rt_lib_init_clock_1                    0x00000151   Thumb Code     0  libinit2.o(.ARM.Collect$$libinit$$00000021)
    __rt_lib_init_cpp_1                      0x00000151   Thumb Code     0  libinit2.o(.ARM.Collect$$libinit$$00000032)
    __rt_lib_init_exceptions_1               0x00000151   Thumb Code     0  libinit2.o(.ARM.Collect$$libinit$$00000030)
    __rt_lib_init_fp_trap_1                  0x00000151   Thumb Code     0  libinit2.o(.ARM.Collect$$libinit$$0000001F)
    __rt_lib_init_getenv_1                   0x00000151   Thumb Code     0  libinit2.o(.ARM.Collect$$libinit$$00000023)
    __rt_lib_init_lc_collate_1               0x00000151   Thumb Code     0  libinit2.o(.ARM.Collect$$libinit$$00000011)
    __rt_lib_init_lc_ctype_1                 0x00000151   Thumb Code     0  libinit2.o(.ARM.Collect$$libinit$$00000013)
    __rt_lib_init_lc_monetary_1              0x00000151   Thumb Code     0  libinit2.o(.ARM.Collect$$libinit$$00000015)
    __rt_lib_init_lc_numeric_1               0x00000151   Thumb Code     0  libinit2.o(.ARM.Collect$$libinit$$00000017)
    __rt_lib_init_lc_time_1                  0x00000151   Thumb Code     0  libinit2.o(.ARM.Collect$$libinit$$00000019)
    __rt_lib_init_rand_1                     0x00000151   Thumb Code     0  libinit2.o(.ARM.Collect$$libinit$$0000000E)
    __rt_lib_init_return                     0x00000151   Thumb Code     0  libinit2.o(.ARM.Collect$$libinit$$00000033)
    __rt_lib_init_signal_1                   0x00000151   Thumb Code     0  libinit2.o(.ARM.Collect$$libinit$$0000001D)
    __rt_lib_init_stdio_1                    0x00000151   Thumb Code     0  libinit2.o(.ARM.Collect$$libinit$$00000025)
    __rt_lib_shutdown                        0x00000153   Thumb Code     0  libshutdown.o(.ARM.Collect$$libshutdown$$00000000)
    __rt_lib_shutdown_cpp_1                  0x00000155   Thumb Code     0  libshutdown2.o(.ARM.Collect$$libshutdown$$00000002)
    __rt_lib_shutdown_fp_trap_1              0x00000155   Thumb Code     0  libshutdown2.o(.ARM.Collect$$libshutdown$$00000007)
    __rt_lib_shutdown_heap_1                 0x00000155   Thumb Code     0  libshutdown2.o(.ARM.Collect$$libshutdown$$0000000F)
    __rt_lib_shutdown_return                 0x00000155   Thumb Code     0  libshutdown2.o(.ARM.Collect$$libshutdown$$00000010)
    __rt_lib_shutdown_signal_1               0x00000155   Thumb Code     0  libshutdown2.o(.ARM.Collect$$libshutdown$$0000000A)
    __rt_lib_shutdown_stdio_1                0x00000155   Thumb Code     0  libshutdown2.o(.ARM.Collect$$libshutdown$$00000004)
    __rt_lib_shutdown_user_alloc_1           0x00000155   Thumb Code     0  libshutdown2.o(.ARM.Collect$$libshutdown$$0000000C)
    __rt_entry                               0x00000157   Thumb Code     0  __rtentry.o(.ARM.Collect$$rtentry$$00000000)
    __rt_entry_presh_1                       0x00000157   Thumb Code     0  __rtentry2.o(.ARM.Collect$$rtentry$$00000002)
    __rt_entry_sh                            0x00000157   Thumb Code     0  __rtentry4.o(.ARM.Collect$$rtentry$$00000004)
    __rt_entry_li                            0x0000015d   Thumb Code     0  __rtentry2.o(.ARM.Collect$$rtentry$$0000000A)
    __rt_entry_postsh_1                      0x0000015d   Thumb Code     0  __rtentry2.o(.ARM.Collect$$rtentry$$00000009)
    __rt_entry_main                          0x00000161   Thumb Code     0  __rtentry2.o(.ARM.Collect$$rtentry$$0000000D)
    __rt_entry_postli_1                      0x00000161   Thumb Code     0  __rtentry2.o(.ARM.Collect$$rtentry$$0000000C)
    __rt_exit                                0x00000169   Thumb Code     0  rtexit.o(.ARM.Collect$$rtexit$$00000000)
    __rt_exit_ls                             0x0000016b   Thumb Code     0  rtexit2.o(.ARM.Collect$$rtexit$$00000003)
    __rt_exit_prels_1                        0x0000016b   Thumb Code     0  rtexit2.o(.ARM.Collect$$rtexit$$00000002)
    __rt_exit_exit                           0x0000016f   Thumb Code     0  rtexit2.o(.ARM.Collect$$rtexit$$00000004)
    rand                                     0x00000175   Thumb Code    48  rand.o(.emb_text)
    Reset_Handler                            0x000001a9   Thumb Code     8  startup_lpc17xx.o(.text)
    NMI_Handler                              0x000001b1   Thumb Code     2  startup_lpc17xx.o(.text)
    HardFault_Handler                        0x000001b3   Thumb Code     2  startup_lpc17xx.o(.text)
    MemManage_Handler                        0x000001b5   Thumb Code     2  startup_lpc17xx.o(.text)
    BusFault_Handler                         0x000001b7   Thumb Code     2  startup_lpc17xx.o(.text)
    UsageFault_Handler                       0x000001b9   Thumb Code     2  startup_lpc17xx.o(.text)
    SVC_Handler                              0x000001bb   Thumb Code     2  startup_lpc17xx.o(.text)
    DebugMon_Handler                         0x000001bd   Thumb Code     2  startup_lpc17xx.o(.text)
    PendSV_Handler                           0x000001bf   Thumb Code     2  startup_lpc17xx.o(.text)
    SysTick_Handler                          0x000001c1   Thumb Code     2  startup_lpc17xx.o(.text)
    ADC_IRQHandler                           0x000001c3   Thumb Code     0  startup_lpc17xx.o(.text)
    BOD_IRQHandler                           0x000001c3   Thumb Code     0  startup_lpc17xx.o(.text)
    CANActivity_IRQHandler                   0x000001c3   Thumb Code     0  startup_lpc17xx.o(.text)
    CAN_IRQHandler                           0x000001c3   Thumb Code     0  startup_lpc17xx.o(.text)
    DMA_IRQHandler                           0x000001c3   Thumb Code     0  startup_lpc17xx.o(.text)
    EINT0_IRQHandler                         0x000001c3   Thumb Code     0  startup_lpc17xx.o(.text)
    EINT1_IRQHandler                         0x000001c3   Thumb Code     0  startup_lpc17xx.o(.text)
    EINT2_IRQHandler                         0x000001c3   Thumb Code     0  startup_lpc17xx.o(.text)
    EINT3_IRQHandler                         0x000001c3   Thumb Code     0  startup_lpc17xx.o(.text)
    ENET_IRQHandler                          0x000001c3   Thumb Code     0  startup_lpc17xx.o(.text)
    I2C0_IRQHandler                          0x000001c3   Thumb Code     0  startup_lpc17xx.o(.text)
    I2C1_IRQHandler                          0x000001c3   Thumb Code     0  startup_lpc17xx.o(.text)
    I2C2_IRQHandler                          0x000001c3   Thumb Code     0  startup_lpc17xx.o(.text)
    I2S_IRQHandler                           0x000001c3   Thumb Code     0  startup_lpc17xx.o(.text)
    MCPWM_IRQHandler                         0x000001c3   Thumb Code     0  startup_lpc17xx.o(.text)
    PLL0_IRQHandler                          0x000001c3   Thumb Code     0  startup_lpc17xx.o(.text)
    PLL1_IRQHandler                          0x000001c3   Thumb Code     0  startup_lpc17xx.o(.text)
    PWM1_IRQHandler                          0x000001c3   Thumb Code     0  startup_lpc17xx.o(.text)
    QEI_IRQHandler                           0x000001c3   Thumb Code     0  startup_lpc17xx.o(.text)
    RIT_IRQHandler                           0x000001c3   Thumb Code     0  startup_lpc17xx.o(.text)
    RTC_IRQHandler                           0x000001c3   Thumb Code     0  startup_lpc17xx.o(.text)
    SPI_IRQHandler                           0x000001c3   Thumb Code     0  startup_lpc17xx.o(.text)
    SSP0_IRQHandler                          0x000001c3   Thumb Code     0  startup_lpc17xx.o(.text)
    SSP1_IRQHandler                          0x000001c3   Thumb Code     0  startup_lpc17xx.o(.text)
    TIMER2_IRQHandler                        0x000001c3   Thumb Code     0  startup_lpc17xx.o(.text)
    TIMER3_IRQHandler                        0x000001c3   Thumb Code     0  startup_lpc17xx.o(.text)
    UART0_IRQHandler                         0x000001c3   Thumb Code     0  startup_lpc17xx.o(.text)
    UART1_IRQHandler                         0x000001c3   Thumb Code     0  startup_lpc17xx.o(.text)
    UART2_IRQHandler                         0x000001c3   Thumb Code     0  startup_lpc17xx.o(.text)
    UART3_IRQHandler                         0x000001c3   Thumb Code     0  startup_lpc17xx.o(.text)
    USBActivity_IRQHandler                   0x000001c3   Thumb Code     0  startup_lpc17xx.o(.text)
    USB_IRQHandler                           0x000001c3   Thumb Code     0  startup_lpc17xx.o(.text)
    WDT_IRQHandler                           0x000001c3   Thumb Code     0  startup_lpc17xx.o(.text)
    __user_initial_stackheap                 0x000001c5   Thumb Code     0  startup_lpc17xx.o(.text)
    PINSEL_ConfigTraceFunc                   0x0000028b   Thumb Code    34  lpc17xx_pinsel.o(.text)
    PINSEL_SetI2C0Pins                       0x000002ad   Thumb Code    16  lpc17xx_pinsel.o(.text)
    PINSEL_ConfigPin                         0x000002bd   Thumb Code    36  lpc17xx_pinsel.o(.text)
    __use_two_region_memory                  0x000002e5   Thumb Code     2  heapauxi.o(.text)
    __rt_heap_escrow$2region                 0x000002e7   Thumb Code     2  heapauxi.o(.text)
    __rt_heap_expand$2region                 0x000002e9   Thumb Code     2  heapauxi.o(.text)
    _sputc                                   0x000002eb   Thumb Code    10  _sputc.o(.text)
    __I$use$semihosting                      0x000002f5   Thumb Code     0  use_no_semi.o(.text)
    __use_no_semihosting_swi                 0x000002f5   Thumb Code     2  use_no_semi.o(.text)
    __I$use$fp                               0x000002f6   Number         0  usenofp.o(x$fpl$usenofp)
    __semihosting_library_function           0x000002f7   Thumb Code     0  indicate_semi.o(.text)
    SystemCoreClockUpdate                    0x00000301   Thumb Code   300  system_lpc17xx.o(.text)
    SystemInit                               0x0000042d   Thumb Code   308  system_lpc17xx.o(.text)
    CLKPWR_SetPCLKDiv                        0x00000581   Thumb Code    94  lpc17xx_clkpwr.o(.text)
    CLKPWR_GetPCLKSEL                        0x000005df   Thumb Code    34  lpc17xx_clkpwr.o(.text)
    CLKPWR_GetPCLK                           0x00000601   Thumb Code    58  lpc17xx_clkpwr.o(.text)
    CLKPWR_ConfigPPWR                        0x0000063b   Thumb Code    46  lpc17xx_clkpwr.o(.text)
    CLKPWR_Sleep                             0x00000669   Thumb Code    12  lpc17xx_clkpwr.o(.text)
    CLKPWR_DeepSleep                         0x00000675   Thumb Code    18  lpc17xx_clkpwr.o(.text)
    CLKPWR_PowerDown                         0x00000687   Thumb Code    18  lpc17xx_clkpwr.o(.text)
    CLKPWR_DeepPowerDown                     0x00000699   Thumb Code    18  lpc17xx_clkpwr.o(.text)
    GPIO_SetDir                              0x0000075d   Thumb Code    40  lpc17xx_gpio.o(.text)
    GPIO_SetValue                            0x00000785   Thumb Code    20  lpc17xx_gpio.o(.text)
    GPIO_ClearValue                          0x00000799   Thumb Code    20  lpc17xx_gpio.o(.text)
    GPIO_ReadValue                           0x000007ad   Thumb Code    22  lpc17xx_gpio.o(.text)
    GPIO_IntCmd                              0x000007c3   Thumb Code    60  lpc17xx_gpio.o(.text)
    GPIO_GetIntStatus                        0x000007ff   Thumb Code    86  lpc17xx_gpio.o(.text)
    GPIO_ClearInt                            0x00000855   Thumb Code    28  lpc17xx_gpio.o(.text)
    FIO_SetDir                               0x00000871   Thumb Code    20  lpc17xx_gpio.o(.text)
    FIO_SetValue                             0x00000885   Thumb Code    16  lpc17xx_gpio.o(.text)
    FIO_ClearValue                           0x00000895   Thumb Code    16  lpc17xx_gpio.o(.text)
    FIO_ReadValue                            0x000008a5   Thumb Code    12  lpc17xx_gpio.o(.text)
    FIO_IntCmd                               0x000008b1   Thumb Code    20  lpc17xx_gpio.o(.text)
    FIO_GetIntStatus                         0x000008c5   Thumb Code    20  lpc17xx_gpio.o(.text)
    FIO_ClearInt                             0x000008d9   Thumb Code    16  lpc17xx_gpio.o(.text)
    FIO_SetMask                              0x000008e9   Thumb Code    40  lpc17xx_gpio.o(.text)
    FIO_HalfWordSetDir                       0x00000911   Thumb Code    62  lpc17xx_gpio.o(.text)
    FIO_HalfWordSetMask                      0x0000094f   Thumb Code    62  lpc17xx_gpio.o(.text)
    FIO_HalfWordSetValue                     0x0000098d   Thumb Code    32  lpc17xx_gpio.o(.text)
    FIO_HalfWordClearValue                   0x000009ad   Thumb Code    32  lpc17xx_gpio.o(.text)
    FIO_HalfWordReadValue                    0x000009cd   Thumb Code    30  lpc17xx_gpio.o(.text)
    FIO_ByteSetDir                           0x000009eb   Thumb Code    50  lpc17xx_gpio.o(.text)
    FIO_ByteSetMask                          0x00000a1d   Thumb Code    66  lpc17xx_gpio.o(.text)
    FIO_ByteSetValue                         0x00000a5f   Thumb Code    34  lpc17xx_gpio.o(.text)
    FIO_ByteClearValue                       0x00000a81   Thumb Code    34  lpc17xx_gpio.o(.text)
    FIO_ByteReadValue                        0x00000aa3   Thumb Code    42  lpc17xx_gpio.o(.text)
    TIM_GetIntStatus                         0x00000b6f   Thumb Code    92  lpc17xx_timer.o(.text)
    TIM_GetIntCaptureStatus                  0x00000bcb   Thumb Code    94  lpc17xx_timer.o(.text)
    TIM_ClearIntPending                      0x00000c29   Thumb Code    80  lpc17xx_timer.o(.text)
    TIM_ClearIntCapturePending               0x00000c79   Thumb Code    82  lpc17xx_timer.o(.text)
    TIM_ConfigStructInit                     0x00000ccb   Thumb Code    22  lpc17xx_timer.o(.text)
    TIM_Init                                 0x00000ce1   Thumb Code   272  lpc17xx_timer.o(.text)
    TIM_DeInit                               0x00000df1   Thumb Code   112  lpc17xx_timer.o(.text)
    TIM_Cmd                                  0x00000e61   Thumb Code    66  lpc17xx_timer.o(.text)
    TIM_ResetCounter                         0x00000ea3   Thumb Code    58  lpc17xx_timer.o(.text)
    TIM_ConfigMatch                          0x00000edd   Thumb Code   330  lpc17xx_timer.o(.text)
    TIM_UpdateMatchValue                     0x00001027   Thumb Code    86  lpc17xx_timer.o(.text)
    TIM_ConfigCapture                        0x0000107d   Thumb Code   126  lpc17xx_timer.o(.text)
    TIM_GetCaptureValue                      0x000010fb   Thumb Code    74  lpc17xx_timer.o(.text)
    SSP_Init                                 0x000011d3   Thumb Code   100  lpc17xx_ssp.o(.text)
    SSP_DeInit                               0x00001237   Thumb Code    60  lpc17xx_ssp.o(.text)
    SSP_GetDataSize                          0x00001273   Thumb Code    34  lpc17xx_ssp.o(.text)
    SSP_ConfigStructInit                     0x00001295   Thumb Code    22  lpc17xx_ssp.o(.text)
    SSP_Cmd                                  0x000012ab   Thumb Code    68  lpc17xx_ssp.o(.text)
    SSP_LoopBackCmd                          0x000012ef   Thumb Code    68  lpc17xx_ssp.o(.text)
    SSP_SlaveOutputCmd                       0x00001333   Thumb Code    72  lpc17xx_ssp.o(.text)
    SSP_SendData                             0x0000137b   Thumb Code    36  lpc17xx_ssp.o(.text)
    SSP_ReceiveData                          0x0000139f   Thumb Code    34  lpc17xx_ssp.o(.text)
    SSP_ReadWrite                            0x000013c1   Thumb Code   630  lpc17xx_ssp.o(.text)
    SSP_GetStatus                            0x00001637   Thumb Code    80  lpc17xx_ssp.o(.text)
    SSP_IntConfig                            0x00001687   Thumb Code    58  lpc17xx_ssp.o(.text)
    SSP_GetRawIntStatus                      0x000016c1   Thumb Code    76  lpc17xx_ssp.o(.text)
    SSP_GetRawIntStatusReg                   0x0000170d   Thumb Code    34  lpc17xx_ssp.o(.text)
    SSP_GetIntStatus                         0x0000172f   Thumb Code    76  lpc17xx_ssp.o(.text)
    SSP_ClearIntPending                      0x0000177b   Thumb Code    58  lpc17xx_ssp.o(.text)
    SSP_DMACmd                               0x000017b5   Thumb Code   100  lpc17xx_ssp.o(.text)
    I2C_Init                                 0x00001937   Thumb Code   126  lpc17xx_i2c.o(.text)
    I2C_DeInit                               0x000019b5   Thumb Code    90  lpc17xx_i2c.o(.text)
    I2C_Cmd                                  0x00001a0f   Thumb Code    70  lpc17xx_i2c.o(.text)
    I2C_IntCmd                               0x00001a55   Thumb Code    92  lpc17xx_i2c.o(.text)
    I2C_MasterHandler                        0x00001ab1   Thumb Code   596  lpc17xx_i2c.o(.text)
    I2C_SlaveHandler                         0x00001d05   Thumb Code   288  lpc17xx_i2c.o(.text)
    I2C_MasterTransferData                   0x00001e25   Thumb Code   500  lpc17xx_i2c.o(.text)
    I2C_SlaveTransferData                    0x00002019   Thumb Code   362  lpc17xx_i2c.o(.text)
    I2C_SetOwnSlaveAddr                      0x00002183   Thumb Code   176  lpc17xx_i2c.o(.text)
    I2C_MonitorModeConfig                    0x00002233   Thumb Code    92  lpc17xx_i2c.o(.text)
    I2C_MonitorModeCmd                       0x0000228f   Thumb Code   100  lpc17xx_i2c.o(.text)
    I2C_MonitorGetDatabuffer                 0x000022f3   Thumb Code    42  lpc17xx_i2c.o(.text)
    I2C_MonitorHandler                       0x0000231d   Thumb Code    40  lpc17xx_i2c.o(.text)
    I2C_MasterTransferComplete               0x00002345   Thumb Code    30  lpc17xx_i2c.o(.text)
    I2C_SlaveTransferComplete                0x00002363   Thumb Code    30  lpc17xx_i2c.o(.text)
    write_highscore                          0x000023c9   Thumb Code    76  main.o(.text)
    read_highscore                           0x00002415   Thumb Code    80  main.o(.text)
    pin_Configuration                        0x00002465   Thumb Code   214  main.o(.text)
    Init                                     0x0000253b   Thumb Code    22  main.o(.text)
    clearInterface                           0x00002551   Thumb Code    32  main.o(.text)
    touchTask                                0x00002571   Thumb Code    86  main.o(.text)
    addTouche                                0x000025c7   Thumb Code   130  main.o(.text)
    clearHighlight                           0x00002649   Thumb Code   162  main.o(.text)
    highlightCurrent                         0x000026eb   Thumb Code   172  main.o(.text)
    addNoteTask                              0x00002797   Thumb Code    14  main.o(.text)
    readSequence                             0x000027a5   Thumb Code   196  main.o(.text)
    drawSquares                              0x00002869   Thumb Code   124  main.o(.text)
    interfaceSimon                           0x000028e5   Thumb Code    40  main.o(.text)
    interfaceHighScore                       0x0000290d   Thumb Code    86  main.o(.text)
    startGame                                0x00002963   Thumb Code    18  main.o(.text)
    interfaceMenu                            0x00002975   Thumb Code   124  main.o(.text)
    processMenu                              0x000029f1   Thumb Code   118  main.o(.text)
    finDePartie                              0x00002a67   Thumb Code   118  main.o(.text)
    main                                     0x00002add   Thumb Code   240  main.o(.text)
    check_failed                             0x00002bcd   Thumb Code     4  main.o(.text)
    rw_data_prepare                          0x00002ccb   Thumb Code    10  ili_lcd_general.o(.text)
    write_data                               0x00002cd5   Thumb Code    50  ili_lcd_general.o(.text)
    lcd_getdeviceid                          0x00002d07   Thumb Code     6  ili_lcd_general.o(.text)
    BGR2RGB                                  0x00002d0d   Thumb Code    26  ili_lcd_general.o(.text)
    lcd_SetCursor                            0x00002d27   Thumb Code    52  ili_lcd_general.o(.text)
    lcd_read_gram                            0x00002d5b   Thumb Code    34  ili_lcd_general.o(.text)
    lcd_clear                                0x00002d7d   Thumb Code    38  ili_lcd_general.o(.text)
    lcd_data_bus_test                        0x00002da3   Thumb Code    74  ili_lcd_general.o(.text)
    lcd_gram_test                            0x00002ded   Thumb Code   218  ili_lcd_general.o(.text)
    lcd_Initializtion                        0x00002ec7   Thumb Code  2262  ili_lcd_general.o(.text)
    LCD_write_english                        0x000037a1   Thumb Code   118  lcd_api.o(.text)
    LCD_write_english_string                 0x00003817   Thumb Code    52  lcd_api.o(.text)
    dessiner_ligne                           0x00003851   Thumb Code   110  affichagelcd.o(.text)
    dessiner_rect                            0x000038bf   Thumb Code   128  affichagelcd.o(.text)
    SPI_WriteByte                            0x00003941   Thumb Code    42  touch_panel.o(.text)
    spi1_init                                0x0000396b   Thumb Code   106  touch_panel.o(.text)
    touch_init                               0x000039d5   Thumb Code   122  touch_panel.o(.text)
    touch_debug                              0x00003a4f   Thumb Code   394  touch_panel.o(.text)
    touch_read                               0x00003bd9   Thumb Code   284  touch_panel.o(.text)
    T0_Init                                  0x00003d19   Thumb Code    98  timer0.o(.text)
    playNote                                 0x00003d7b   Thumb Code    16  timer0.o(.text)
    toggleAudio                              0x00003d8b   Thumb Code    34  timer0.o(.text)
    TIMER0_IRQHandler                        0x00003dad   Thumb Code   252  timer0.o(.text)
    recuperation_coordonnees                 0x00003ec9   Thumb Code    24  tactile.o(.text)
    couleur_touchee                          0x00003ee1   Thumb Code   208  tactile.o(.text)
    T1_Init                                  0x00003fc5   Thumb Code    92  timer1.o(.text)
    TIMER1_IRQHandler                        0x00004021   Thumb Code    50  timer1.o(.text)
    init_i2c_eeprom                          0x00004061   Thumb Code    24  memoire.o(.text)
    i2c_eeprom_write                         0x00004079   Thumb Code    84  memoire.o(.text)
    i2c_eeprom_read                          0x000040cd   Thumb Code    56  memoire.o(.text)
    __aeabi_uldivmod                         0x0000410d   Thumb Code     0  lludivv7m.o(.text)
    _ll_udiv                                 0x0000410d   Thumb Code   238  lludivv7m.o(.text)
    __2sprintf                               0x000041fd   Thumb Code    38  __2sprintf.o(.text)
    _printf_pre_padding                      0x00004229   Thumb Code    44  _printf_pad.o(.text)
    _printf_post_padding                     0x00004255   Thumb Code    34  _printf_pad.o(.text)
    _printf_int_dec                          0x00004279   Thumb Code   104  _printf_dec.o(.text)
    __printf                                 0x000042f1   Thumb Code   308  __printf_flags_wp.o(.text)
    srand                                    0x00004429   Thumb Code    42  rand.o(.text)
    _rand_init                               0x00004453   Thumb Code     4  rand.o(.text)
    __aeabi_assert                           0x00004465   Thumb Code    86  assert.o(.text)
    __assert                                 0x00004465   Thumb Code     0  assert.o(.text)
    _printf_int_common                       0x000044e5   Thumb Code   178  _printf_intcommon.o(.text)
    _printf_char_common                      0x000045a3   Thumb Code    32  _printf_char_common.o(.text)
    abort                                    0x000045c9   Thumb Code    22  abort.o(.text)
    __assert_puts                            0x000045df   Thumb Code    20  assert_puts.o(.text)
    _ttywrch                                 0x000045f3   Thumb Code    14  sys_wrch.o(.text)
    _sys_exit                                0x00004601   Thumb Code     8  sys_exit.o(.text)
    __rt_SIGABRT                             0x0000460d   Thumb Code    14  defsig_abrt_outer.o(.text)
    __user_setup_stackheap                   0x0000461b   Thumb Code    74  sys_stackheap_outer.o(.text)
    exit                                     0x00004665   Thumb Code    18  exit.o(.text)
    __sig_exit                               0x00004677   Thumb Code    10  defsig_exit.o(.text)
    __rt_SIGABRT_inner                       0x00004681   Thumb Code    14  defsig_abrt_inner.o(.text)
    __user_libspace                          0x000046b1   Thumb Code     8  libspace.o(.text)
    __user_perproc_libspace                  0x000046b1   Thumb Code     0  libspace.o(.text)
    __user_perthread_libspace                0x000046b1   Thumb Code     0  libspace.o(.text)
    __default_signal_display                 0x000046b9   Thumb Code    50  defsig_general.o(.text)
    _is_digit                                0x000046eb   Thumb Code    14  __printf_wp.o(i._is_digit)
    lcd_send                                 0x000046f9   Thumb Code    40  ili_lcd_general.o(i.lcd_send)
    read_data                                0x00004725   Thumb Code   114  ili_lcd_general.o(i.read_data)
    wait_delay                               0x0000479d   Thumb Code    18  ili_lcd_general.o(i.wait_delay)
    write_cmd                                0x000047b1   Thumb Code    60  ili_lcd_general.o(i.write_cmd)
    write_reg                                0x000047f1   Thumb Code    20  ili_lcd_general.o(i.write_reg)
    __fpl_fcmp_Inf                           0x00004805   Thumb Code    24  fcmpi.o(x$fpl$fcmpinf)
    __aeabi_fdiv                             0x0000481d   Thumb Code     0  fdiv.o(x$fpl$fdiv)
    _fdiv                                    0x0000481d   Thumb Code   384  fdiv.o(x$fpl$fdiv)
    __aeabi_i2f                              0x000049a1   Thumb Code     0  fflt_clz.o(x$fpl$fflt)
    _fflt                                    0x000049a1   Thumb Code    48  fflt_clz.o(x$fpl$fflt)
    __aeabi_cfcmple                          0x000049d1   Thumb Code     0  fleqf.o(x$fpl$fleqf)
    _fcmple                                  0x000049d1   Thumb Code   104  fleqf.o(x$fpl$fleqf)
    __fpl_fcmple_InfNaN                      0x00004a23   Thumb Code     0  fleqf.o(x$fpl$fleqf)
    __aeabi_fmul                             0x00004a39   Thumb Code     0  fmul.o(x$fpl$fmul)
    _fmul                                    0x00004a39   Thumb Code   258  fmul.o(x$fpl$fmul)
    __fpl_fnaninf                            0x00004b3b   Thumb Code   140  fnaninf.o(x$fpl$fnaninf)
    __fpl_fretinf                            0x00004bc7   Thumb Code    10  fretinf.o(x$fpl$fretinf)
    __aeabi_cfrcmple                         0x00004bd1   Thumb Code     0  frleqf.o(x$fpl$frleqf)
    _frcmple                                 0x00004bd1   Thumb Code    98  frleqf.o(x$fpl$frleqf)
    english                                  0x00004c32   Data        1520  english_16x8.o(.constdata)
    Region$$Table$$Base                      0x00005234   Number         0  anon$$obj.o(Region$$Table)
    Region$$Table$$Limit                     0x00005254   Number         0  anon$$obj.o(Region$$Table)
    SystemCoreClock                          0x10000000   Data           4  system_lpc17xx.o(.data)
    touch_x                                  0x10000008   Data           2  main.o(.data)
    touch_y                                  0x1000000a   Data           2  main.o(.data)
    currentKey                               0x1000000c   Data           4  main.o(.data)
    appState                                 0x10000010   Data           4  main.o(.data)
    soundTimer                               0x10000014   Data           4  main.o(.data)
    noteSpacingTimer                         0x10000018   Data           4  main.o(.data)
    playerWaitTimer                          0x1000001c   Data           4  main.o(.data)
    playerSkipTimer                          0x10000020   Data           4  main.o(.data)
    noteDuration                             0x10000024   Data           4  main.o(.data)
    flagTouch                                0x10000028   Data           1  main.o(.data)
    flagSequenceOverflow                     0x10000029   Data           1  main.o(.data)
    sequencePosition                         0x1000002c   Data           4  main.o(.data)
    sequenceSize                             0x10000030   Data           4  main.o(.data)
    highScore                                0x10000034   Data           4  main.o(.data)
    I2C_MasterComplete                       0x10000054   Data          12  lpc17xx_i2c.o(.bss)
    chaine                                   0x1000006c   Data          30  main.o(.bss)
    sequence                                 0x1000008c   Data         200  main.o(.bss)
    LCDSPI1Data                              0x10000154   Data          24  touch_panel.o(.bss)
    _random_number_data                      0x1000016c   Data         228  rand.o(.bss)
    __libspace_start                         0x10000250   Data          96  libspace.o(.bss)
    __temporary_stack_top$libspace           0x100002b0   Data           0  libspace.o(.bss)



==============================================================================

Memory Map of the image

  Image Entry point : 0x000000cd

  Load Region LR_IROM1 (Base: 0x00000000, Size: 0x00005290, Max: 0x00080000, ABSOLUTE)

    Execution Region ER_IROM1 (Exec base: 0x00000000, Load base: 0x00000000, Size: 0x00005254, Max: 0x00080000, ABSOLUTE)

    Exec Addr    Load Addr    Size         Type   Attr      Idx    E Section Name        Object

    0x00000000   0x00000000   0x000000cc   Data   RO            3    RESET               startup_lpc17xx.o
    0x000000cc   0x000000cc   0x00000008   Code   RO          562  * !!!main             c_w.l(__main.o)
    0x000000d4   0x000000d4   0x00000034   Code   RO          769    !!!scatter          c_w.l(__scatter.o)
    0x00000108   0x00000108   0x0000001a   Code   RO          771    !!handler_copy      c_w.l(__scatter_copy.o)
    0x00000122   0x00000122   0x00000002   PAD
    0x00000124   0x00000124   0x0000001c   Code   RO          773    !!handler_zi        c_w.l(__scatter_zi.o)
    0x00000140   0x00000140   0x00000000   Code   RO          552    .ARM.Collect$$_printf_percent$$00000000  c_w.l(_printf_percent.o)
    0x00000140   0x00000140   0x00000006   Code   RO          551    .ARM.Collect$$_printf_percent$$00000009  c_w.l(_printf_d.o)
    0x00000146   0x00000146   0x00000004   Code   RO          589    .ARM.Collect$$_printf_percent$$00000017  c_w.l(_printf_percent_end.o)
    0x0000014a   0x0000014a   0x00000002   Code   RO          705    .ARM.Collect$$libinit$$00000000  c_w.l(libinit.o)
    0x0000014c   0x0000014c   0x00000000   Code   RO          595    .ARM.Collect$$libinit$$00000002  c_w.l(libinit2.o)
    0x0000014c   0x0000014c   0x00000000   Code   RO          597    .ARM.Collect$$libinit$$00000004  c_w.l(libinit2.o)
    0x0000014c   0x0000014c   0x00000000   Code   RO          600    .ARM.Collect$$libinit$$0000000A  c_w.l(libinit2.o)
    0x0000014c   0x0000014c   0x00000000   Code   RO          602    .ARM.Collect$$libinit$$0000000C  c_w.l(libinit2.o)
    0x0000014c   0x0000014c   0x00000004   Code   RO          603    .ARM.Collect$$libinit$$0000000D  c_w.l(libinit2.o)
    0x00000150   0x00000150   0x00000000   Code   RO          604    .ARM.Collect$$libinit$$0000000E  c_w.l(libinit2.o)
    0x00000150   0x00000150   0x00000000   Code   RO          607    .ARM.Collect$$libinit$$00000011  c_w.l(libinit2.o)
    0x00000150   0x00000150   0x00000000   Code   RO          609    .ARM.Collect$$libinit$$00000013  c_w.l(libinit2.o)
    0x00000150   0x00000150   0x00000000   Code   RO          611    .ARM.Collect$$libinit$$00000015  c_w.l(libinit2.o)
    0x00000150   0x00000150   0x00000000   Code   RO          613    .ARM.Collect$$libinit$$00000017  c_w.l(libinit2.o)
    0x00000150   0x00000150   0x00000000   Code   RO          615    .ARM.Collect$$libinit$$00000019  c_w.l(libinit2.o)
    0x00000150   0x00000150   0x00000000   Code   RO          617    .ARM.Collect$$libinit$$0000001B  c_w.l(libinit2.o)
    0x00000150   0x00000150   0x00000000   Code   RO          619    .ARM.Collect$$libinit$$0000001D  c_w.l(libinit2.o)
    0x00000150   0x00000150   0x00000000   Code   RO          621    .ARM.Collect$$libinit$$0000001F  c_w.l(libinit2.o)
    0x00000150   0x00000150   0x00000000   Code   RO          623    .ARM.Collect$$libinit$$00000021  c_w.l(libinit2.o)
    0x00000150   0x00000150   0x00000000   Code   RO          625    .ARM.Collect$$libinit$$00000023  c_w.l(libinit2.o)
    0x00000150   0x00000150   0x00000000   Code   RO          627    .ARM.Collect$$libinit$$00000025  c_w.l(libinit2.o)
    0x00000150   0x00000150   0x00000000   Code   RO          631    .ARM.Collect$$libinit$$0000002C  c_w.l(libinit2.o)
    0x00000150   0x00000150   0x00000000   Code   RO          633    .ARM.Collect$$libinit$$0000002E  c_w.l(libinit2.o)
    0x00000150   0x00000150   0x00000000   Code   RO          635    .ARM.Collect$$libinit$$00000030  c_w.l(libinit2.o)
    0x00000150   0x00000150   0x00000000   Code   RO          637    .ARM.Collect$$libinit$$00000032  c_w.l(libinit2.o)
    0x00000150   0x00000150   0x00000002   Code   RO          638    .ARM.Collect$$libinit$$00000033  c_w.l(libinit2.o)
    0x00000152   0x00000152   0x00000002   Code   RO          750    .ARM.Collect$$libshutdown$$00000000  c_w.l(libshutdown.o)
    0x00000154   0x00000154   0x00000000   Code   RO          752    .ARM.Collect$$libshutdown$$00000002  c_w.l(libshutdown2.o)
    0x00000154   0x00000154   0x00000000   Code   RO          754    .ARM.Collect$$libshutdown$$00000004  c_w.l(libshutdown2.o)
    0x00000154   0x00000154   0x00000000   Code   RO          757    .ARM.Collect$$libshutdown$$00000007  c_w.l(libshutdown2.o)
    0x00000154   0x00000154   0x00000000   Code   RO          760    .ARM.Collect$$libshutdown$$0000000A  c_w.l(libshutdown2.o)
    0x00000154   0x00000154   0x00000000   Code   RO          762    .ARM.Collect$$libshutdown$$0000000C  c_w.l(libshutdown2.o)
    0x00000154   0x00000154   0x00000000   Code   RO          765    .ARM.Collect$$libshutdown$$0000000F  c_w.l(libshutdown2.o)
    0x00000154   0x00000154   0x00000002   Code   RO          766    .ARM.Collect$$libshutdown$$00000010  c_w.l(libshutdown2.o)
    0x00000156   0x00000156   0x00000000   Code   RO          578    .ARM.Collect$$rtentry$$00000000  c_w.l(__rtentry.o)
    0x00000156   0x00000156   0x00000000   Code   RO          651    .ARM.Collect$$rtentry$$00000002  c_w.l(__rtentry2.o)
    0x00000156   0x00000156   0x00000006   Code   RO          663    .ARM.Collect$$rtentry$$00000004  c_w.l(__rtentry4.o)
    0x0000015c   0x0000015c   0x00000000   Code   RO          653    .ARM.Collect$$rtentry$$00000009  c_w.l(__rtentry2.o)
    0x0000015c   0x0000015c   0x00000004   Code   RO          654    .ARM.Collect$$rtentry$$0000000A  c_w.l(__rtentry2.o)
    0x00000160   0x00000160   0x00000000   Code   RO          656    .ARM.Collect$$rtentry$$0000000C  c_w.l(__rtentry2.o)
    0x00000160   0x00000160   0x00000008   Code   RO          657    .ARM.Collect$$rtentry$$0000000D  c_w.l(__rtentry2.o)
    0x00000168   0x00000168   0x00000002   Code   RO          711    .ARM.Collect$$rtexit$$00000000  c_w.l(rtexit.o)
    0x0000016a   0x0000016a   0x00000000   Code   RO          726    .ARM.Collect$$rtexit$$00000002  c_w.l(rtexit2.o)
    0x0000016a   0x0000016a   0x00000004   Code   RO          727    .ARM.Collect$$rtexit$$00000003  c_w.l(rtexit2.o)
    0x0000016e   0x0000016e   0x00000006   Code   RO          728    .ARM.Collect$$rtexit$$00000004  c_w.l(rtexit2.o)
    0x00000174   0x00000174   0x00000034   Code   RO          553    .emb_text           c_w.l(rand.o)
    0x000001a8   0x000001a8   0x0000003c   Code   RO            5    .text               startup_lpc17xx.o
    0x000001e4   0x000001e4   0x00000100   Code   RO          114    .text               lpc17xx_pinsel.o
    0x000002e4   0x000002e4   0x00000006   Code   RO          560    .text               c_w.l(heapauxi.o)
    0x000002ea   0x000002ea   0x0000000a   Code   RO          587    .text               c_w.l(_sputc.o)
    0x000002f4   0x000002f4   0x00000002   Code   RO          679    .text               c_w.l(use_no_semi.o)
    0x000002f6   0x000002f6   0x00000000   Code   RO          681    .text               c_w.l(indicate_semi.o)
    0x000002f6   0x000002f6   0x00000000   Code   RO          645    x$fpl$usenofp       fz_ws.l(usenofp.o)
    0x000002f6   0x000002f6   0x00000006   PAD
    0x000002fc   0x000002fc   0x00000004   Code   RO            4    .ARM.__at_0x02FC    startup_lpc17xx.o
    0x00000300   0x00000300   0x00000280   Code   RO           14    .text               system_lpc17xx.o
    0x00000580   0x00000580   0x00000140   Code   RO           59    .text               lpc17xx_clkpwr.o
    0x000006c0   0x000006c0   0x0000040c   Code   RO           92    .text               lpc17xx_gpio.o
    0x00000acc   0x00000acc   0x00000684   Code   RO          133    .text               lpc17xx_timer.o
    0x00001150   0x00001150   0x000006d0   Code   RO          190    .text               lpc17xx_ssp.o
    0x00001820   0x00001820   0x00000ba8   Code   RO          209    .text               lpc17xx_i2c.o
    0x000023c8   0x000023c8   0x000008c4   Code   RO          236    .text               main.o
    0x00002c8c   0x00002c8c   0x00000b14   Code   RO          302    .text               ili_lcd_general.o
    0x000037a0   0x000037a0   0x000000b0   Code   RO          363    .text               lcd_api.o
    0x00003850   0x00003850   0x000000ee   Code   RO          387    .text               affichagelcd.o
    0x0000393e   0x0000393e   0x00000002   PAD
    0x00003940   0x00003940   0x000003d8   Code   RO          412    .text               touch_panel.o
    0x00003d18   0x00003d18   0x000001b0   Code   RO          448    .text               timer0.o
    0x00003ec8   0x00003ec8   0x000000fc   Code   RO          467    .text               tactile.o
    0x00003fc4   0x00003fc4   0x0000009c   Code   RO          480    .text               timer1.o
    0x00004060   0x00004060   0x000000ac   Code   RO          499    .text               memoire.o
    0x0000410c   0x0000410c   0x000000ee   Code   RO          519    .text               c_w.l(lludivv7m.o)
    0x000041fa   0x000041fa   0x00000002   PAD
    0x000041fc   0x000041fc   0x0000002c   Code   RO          521    .text               c_w.l(__2sprintf.o)
    0x00004228   0x00004228   0x0000004e   Code   RO          527    .text               c_w.l(_printf_pad.o)
    0x00004276   0x00004276   0x00000002   PAD
    0x00004278   0x00004278   0x00000078   Code   RO          529    .text               c_w.l(_printf_dec.o)
    0x000042f0   0x000042f0   0x00000138   Code   RO          543    .text               c_w.l(__printf_flags_wp.o)
    0x00004428   0x00004428   0x0000003c   Code   RO          554    .text               c_w.l(rand.o)
    0x00004464   0x00004464   0x00000080   Code   RO          558    .text               c_w.l(assert.o)
    0x000044e4   0x000044e4   0x000000b2   Code   RO          583    .text               c_w.l(_printf_intcommon.o)
    0x00004596   0x00004596   0x00000002   PAD
    0x00004598   0x00004598   0x00000030   Code   RO          585    .text               c_w.l(_printf_char_common.o)
    0x000045c8   0x000045c8   0x00000016   Code   RO          590    .text               c_w.l(abort.o)
    0x000045de   0x000045de   0x00000014   Code   RO          592    .text               c_w.l(assert_puts.o)
    0x000045f2   0x000045f2   0x0000000e   Code   RO          646    .text               c_w.l(sys_wrch.o)
    0x00004600   0x00004600   0x0000000c   Code   RO          648    .text               c_w.l(sys_exit.o)
    0x0000460c   0x0000460c   0x0000000e   Code   RO          669    .text               c_w.l(defsig_abrt_outer.o)
    0x0000461a   0x0000461a   0x0000004a   Code   RO          682    .text               c_w.l(sys_stackheap_outer.o)
    0x00004664   0x00004664   0x00000012   Code   RO          686    .text               c_w.l(exit.o)
    0x00004676   0x00004676   0x0000000a   Code   RO          688    .text               c_w.l(defsig_exit.o)
    0x00004680   0x00004680   0x00000030   Code   RO          690    .text               c_w.l(defsig_abrt_inner.o)
    0x000046b0   0x000046b0   0x00000008   Code   RO          708    .text               c_w.l(libspace.o)
    0x000046b8   0x000046b8   0x00000032   Code   RO          717    .text               c_w.l(defsig_general.o)
    0x000046ea   0x000046ea   0x0000000e   Code   RO          541    i._is_digit         c_w.l(__printf_wp.o)
    0x000046f8   0x000046f8   0x0000002c   Code   RO          316    i.lcd_send          ili_lcd_general.o
    0x00004724   0x00004724   0x00000078   Code   RO          328    i.read_data         ili_lcd_general.o
    0x0000479c   0x0000479c   0x00000012   Code   RO          334    i.wait_delay        ili_lcd_general.o
    0x000047ae   0x000047ae   0x00000002   PAD
    0x000047b0   0x000047b0   0x00000040   Code   RO          322    i.write_cmd         ili_lcd_general.o
    0x000047f0   0x000047f0   0x00000014   Code   RO          339    i.write_reg         ili_lcd_general.o
    0x00004804   0x00004804   0x00000018   Code   RO          675    x$fpl$fcmpinf       fz_ws.l(fcmpi.o)
    0x0000481c   0x0000481c   0x00000184   Code   RO          565    x$fpl$fdiv          fz_ws.l(fdiv.o)
    0x000049a0   0x000049a0   0x00000030   Code   RO          569    x$fpl$fflt          fz_ws.l(fflt_clz.o)
    0x000049d0   0x000049d0   0x00000068   Code   RO          639    x$fpl$fleqf         fz_ws.l(fleqf.o)
    0x00004a38   0x00004a38   0x00000102   Code   RO          574    x$fpl$fmul          fz_ws.l(fmul.o)
    0x00004b3a   0x00004b3a   0x0000008c   Code   RO          641    x$fpl$fnaninf       fz_ws.l(fnaninf.o)
    0x00004bc6   0x00004bc6   0x0000000a   Code   RO          643    x$fpl$fretinf       fz_ws.l(fretinf.o)
    0x00004bd0   0x00004bd0   0x00000062   Code   RO          576    x$fpl$frleqf        fz_ws.l(frleqf.o)
    0x00004c32   0x00004c32   0x000005f0   Data   RO          379    .constdata          english_16x8.o
    0x00005222   0x00005222   0x00000011   Data   RO          544    .constdata          c_w.l(__printf_flags_wp.o)
    0x00005233   0x00005233   0x00000001   PAD
    0x00005234   0x00005234   0x00000020   Data   RO          767    Region$$Table       anon$$obj.o


    Execution Region RW_IRAM1 (Exec base: 0x10000000, Load base: 0x00005254, Size: 0x000004b0, Max: 0x00008000, ABSOLUTE)

    Exec Addr    Load Addr    Size         Type   Attr      Idx    E Section Name        Object

    0x10000000   0x00005254   0x00000004   Data   RW           15    .data               system_lpc17xx.o
    0x10000004   0x00005258   0x00000004   Data   RW          211    .data               lpc17xx_i2c.o
    0x10000008   0x0000525c   0x00000030   Data   RW          238    .data               main.o
    0x10000038   0x0000528c   0x00000002   Data   RW          303    .data               ili_lcd_general.o
    0x1000003a   0x0000528e   0x00000002   PAD
    0x1000003c        -       0x00000030   Zero   RW          210    .bss                lpc17xx_i2c.o
    0x1000006c        -       0x000000e8   Zero   RW          237    .bss                main.o
    0x10000154        -       0x00000018   Zero   RW          413    .bss                touch_panel.o
    0x1000016c        -       0x000000e4   Zero   RW          555    .bss                c_w.l(rand.o)
    0x10000250        -       0x00000060   Zero   RW          709    .bss                c_w.l(libspace.o)
    0x100002b0        -       0x00000000   Zero   RW            2    HEAP                startup_lpc17xx.o
    0x100002b0        -       0x00000200   Zero   RW            1    STACK               startup_lpc17xx.o


==============================================================================

Image component sizes


      Code (inc. data)   RO Data    RW Data    ZI Data      Debug   Object Name

       238          0          0          0          0       1375   affichagelcd.o
         0          0       1520          0          0        450   english_16x8.o
      3102         32          0          2          0       8263   ili_lcd_general.o
       176          6          0          0          0       1253   lcd_api.o
       320         22          0          0          0       3199   lpc17xx_clkpwr.o
      1036         28          0          0          0      10547   lpc17xx_gpio.o
      2984        164          0          4         48      27771   lpc17xx_i2c.o
       256          4          0          0          0       4253   lpc17xx_pinsel.o
      1744         80          0          0          0      11756   lpc17xx_ssp.o
      1668         94          0          0          0       9371   lpc17xx_timer.o
      2244        274          0         48        232       6806   main.o
       172          8          0          0          0       1731   memoire.o
        64         26        204          0        512       1192   startup_lpc17xx.o
       640         32          0          4          0      22837   system_lpc17xx.o
       252         20          0          0          0        819   tactile.o
       432         32          0          0          0      16672   timer0.o
       156         14          0          0          0        828   timer1.o
       984         36          0          0         24       2762   touch_panel.o

    ----------------------------------------------------------------------
     16472        872       1756         60        816     131885   Object Totals
         0          0         32          0          0          0   (incl. Generated)
         4          0          0          2          0          0   (incl. Padding)

    ----------------------------------------------------------------------

      Code (inc. data)   RO Data    RW Data    ZI Data      Debug   Library Member Name

        44          6          0          0          0         84   __2sprintf.o
         8          0          0          0          0         68   __main.o
       312          4         17          0          0         92   __printf_flags_wp.o
        14          0          0          0          0         68   __printf_wp.o
         0          0          0          0          0          0   __rtentry.o
        12          0          0          0          0          0   __rtentry2.o
         6          0          0          0          0          0   __rtentry4.o
        52          8          0          0          0          0   __scatter.o
        26          0          0          0          0          0   __scatter_copy.o
        28          0          0          0          0          0   __scatter_zi.o
        48          6          0          0          0         96   _printf_char_common.o
         6          0          0          0          0          0   _printf_d.o
       120         16          0          0          0         92   _printf_dec.o
       178          0          0          0          0         88   _printf_intcommon.o
        78          0          0          0          0        108   _printf_pad.o
         0          0          0          0          0          0   _printf_percent.o
         4          0          0          0          0          0   _printf_percent_end.o
        10          0          0          0          0         68   _sputc.o
        22          0          0          0          0         80   abort.o
       128         42          0          0          0         76   assert.o
        20          0          0          0          0         76   assert_puts.o
        48         34          0          0          0         76   defsig_abrt_inner.o
        14          0          0          0          0         80   defsig_abrt_outer.o
        10          0          0          0          0         68   defsig_exit.o
        50          0          0          0          0         88   defsig_general.o
        18          0          0          0          0         80   exit.o
         6          0          0          0          0        152   heapauxi.o
         0          0          0          0          0          0   indicate_semi.o
         2          0          0          0          0          0   libinit.o
         6          0          0          0          0          0   libinit2.o
         2          0          0          0          0          0   libshutdown.o
         2          0          0          0          0          0   libshutdown2.o
         8          4          0          0         96         68   libspace.o
       238          0          0          0          0        100   lludivv7m.o
       112         18          0          0        228        160   rand.o
         2          0          0          0          0          0   rtexit.o
        10          0          0          0          0          0   rtexit2.o
        12          4          0          0          0         68   sys_exit.o
        74          0          0          0          0         80   sys_stackheap_outer.o
        14          0          0          0          0         76   sys_wrch.o
         2          0          0          0          0         68   use_no_semi.o
        24          0          0          0          0         68   fcmpi.o
       388         76          0          0          0         96   fdiv.o
        48          0          0          0          0         68   fflt_clz.o
       104          4          0          0          0         84   fleqf.o
       258          4          0          0          0         84   fmul.o
       140          4          0          0          0         84   fnaninf.o
        10          0          0          0          0         68   fretinf.o
        98          0          0          0          0         68   frleqf.o
         0          0          0          0          0          0   usenofp.o

    ----------------------------------------------------------------------
      2830        230         18          0        324       2780   Library Totals
        14          0          1          0          0          0   (incl. Padding)

    ----------------------------------------------------------------------

      Code (inc. data)   RO Data    RW Data    ZI Data      Debug   Library Name

      1746        142         17          0        324       2160   c_w.l
      1070         88          0          0          0        620   fz_ws.l

    ----------------------------------------------------------------------
      2830        230         18          0        324       2780   Library Totals

    ----------------------------------------------------------------------

==============================================================================


      Code (inc. data)   RO Data    RW Data    ZI Data      Debug   

     19302       1102       1774         60       1140     131801   Grand Totals
     19302       1102       1774         60       1140     131801   ELF Image Totals
     19302       1102       1774         60          0          0   ROM Totals

==============================================================================

    Total RO  Size (Code + RO Data)                21076 (  20.58kB)
    Total RW  Size (RW Data + ZI Data)              1200 (   1.17kB)
    Total ROM Size (Code + RO Data + RW Data)      21136 (  20.64kB)

==============================================================================

